Release 14.7 - xst P.20131013 (nt)
Copyright (c) 1995-2013 Xilinx, Inc.  All rights reserved.
--> Parameter TMPDIR set to xst/projnav.tmp


Total REAL time to Xst completion: 1.00 secs
Total CPU time to Xst completion: 0.21 secs
 
--> Parameter xsthdpdir set to xst


Total REAL time to Xst completion: 1.00 secs
Total CPU time to Xst completion: 0.21 secs
 
--> Reading design: ppm.prj

TABLE OF CONTENTS
  1) Synthesis Options Summary
  2) HDL Parsing
  3) HDL Elaboration
  4) HDL Synthesis
       4.1) HDL Synthesis Report
  5) Advanced HDL Synthesis
       5.1) Advanced HDL Synthesis Report
  6) Low Level Synthesis
  7) Partition Report
  8) Design Summary
       8.1) Primitive and Black Box Usage
       8.2) Device utilization summary
       8.3) Partition Resource Summary
       8.4) Timing Report
            8.4.1) Clock Information
            8.4.2) Asynchronous Control Signals Information
            8.4.3) Timing Summary
            8.4.4) Timing Details
            8.4.5) Cross Clock Domains Report


=========================================================================
*                      Synthesis Options Summary                        *
=========================================================================
---- Source Parameters
Input File Name                    : "ppm.prj"
Ignore Synthesis Constraint File   : NO

---- Target Parameters
Output File Name                   : "ppm"
Output Format                      : NGC
Target Device                      : xc7a100t-3-csg324

---- Source Options
Top Module Name                    : ppm
Automatic FSM Extraction           : YES
FSM Encoding Algorithm             : Auto
Safe Implementation                : No
FSM Style                          : LUT
RAM Extraction                     : Yes
RAM Style                          : Auto
ROM Extraction                     : Yes
Shift Register Extraction          : YES
ROM Style                          : Auto
Resource Sharing                   : YES
Asynchronous To Synchronous        : NO
Shift Register Minimum Size        : 2
Use DSP Block                      : Auto
Automatic Register Balancing       : No

---- Target Options
LUT Combining                      : Auto
Reduce Control Sets                : Auto
Add IO Buffers                     : YES
Global Maximum Fanout              : 100000
Add Generic Clock Buffer(BUFG)     : 32
Register Duplication               : YES
Optimize Instantiated Primitives   : NO
Use Clock Enable                   : Yes
Use Synchronous Set                : Yes
Use Synchronous Reset              : Yes
Pack IO Registers into IOBs        : Auto
Equivalent register Removal        : YES

---- General Options
Optimization Goal                  : Speed
Optimization Effort                : 1
Power Reduction                    : NO
Keep Hierarchy                     : No
Netlist Hierarchy                  : As_Optimized
RTL Output                         : Yes
Global Optimization                : AllClockNets
Read Cores                         : YES
Write Timing Constraints           : NO
Cross Clock Analysis               : NO
Hierarchy Separator                : /
Bus Delimiter                      : <>
Case Specifier                     : Maintain
Slice Utilization Ratio            : 100
BRAM Utilization Ratio             : 100
DSP48 Utilization Ratio            : 100
Auto BRAM Packing                  : NO
Slice Utilization Ratio Delta      : 5

=========================================================================


=========================================================================
*                          HDL Parsing                                  *
=========================================================================
Parsing VHDL file "\\csepdcg6.cselabs.local\hh753\newcs2204\pfhvsmnexys48displays\X74_157.vhf" into library work
Parsing entity <M2_1E_MXILINX_X74_157>.
Parsing architecture <BEHAVIORAL> of entity <m2_1e_mxilinx_x74_157>.
Parsing entity <X74_157>.
Parsing architecture <BEHAVIORAL> of entity <x74_157>.
Parsing VHDL file "\\csepdcg6.cselabs.local\hh753\newcs2204\pfhvsmnexys48displays\X74_153.vhf" into library work
Parsing entity <M2_1E_MXILINX_X74_153>.
Parsing architecture <BEHAVIORAL> of entity <m2_1e_mxilinx_x74_153>.
Parsing entity <M2_1_MXILINX_X74_153>.
Parsing architecture <BEHAVIORAL> of entity <m2_1_mxilinx_x74_153>.
Parsing entity <X74_153>.
Parsing architecture <BEHAVIORAL> of entity <x74_153>.
Parsing VHDL file "\\csepdcg6.cselabs.local\hh753\newcs2204\pfhvsmnexys48displays\ppm.vhf" into library work
Parsing entity <COMPM2_HXILINX_ppm>.
Parsing architecture <COMPM2_HXILINX_ppm_V> of entity <compm2_hxilinx_ppm>.
Parsing entity <COMPM4_HXILINX_ppm>.
Parsing architecture <COMPM4_HXILINX_ppm_V> of entity <compm4_hxilinx_ppm>.
Parsing entity <COMPM8_HXILINX_ppm>.
Parsing architecture <COMPM8_HXILINX_ppm_V> of entity <compm8_hxilinx_ppm>.
Parsing entity <FD8CE_HXILINX_ppm>.
Parsing architecture <Behavioral> of entity <fd8ce_hxilinx_ppm>.
Parsing entity <CB4CE_HXILINX_ppm>.
Parsing architecture <Behavioral> of entity <cb4ce_hxilinx_ppm>.
Parsing entity <M2_1E_HXILINX_ppm>.
Parsing architecture <M2_1E_HXILINX_ppm_V> of entity <m2_1e_hxilinx_ppm>.
Parsing entity <ADD4_HXILINX_ppm>.
Parsing architecture <ADD4_HXILINX_ppm_V> of entity <add4_hxilinx_ppm>.
Parsing entity <ADD8_HXILINX_ppm>.
Parsing architecture <ADD8_HXILINX_ppm_V> of entity <add8_hxilinx_ppm>.
Parsing entity <COMP4_HXILINX_ppm>.
Parsing architecture <COMP4_HXILINX_ppm_V> of entity <comp4_hxilinx_ppm>.
Parsing entity <M8_1E_HXILINX_ppm>.
Parsing architecture <M8_1E_HXILINX_ppm_V> of entity <m8_1e_hxilinx_ppm>.
Parsing entity <CD4CE_HXILINX_ppm>.
Parsing architecture <Behavioral> of entity <cd4ce_hxilinx_ppm>.
Parsing entity <FD4CE_HXILINX_ppm>.
Parsing architecture <Behavioral> of entity <fd4ce_hxilinx_ppm>.
Parsing entity <CB16CE_HXILINX_ppm>.
Parsing architecture <Behavioral> of entity <cb16ce_hxilinx_ppm>.
Parsing entity <D3_8E_HXILINX_ppm>.
Parsing architecture <D3_8E_HXILINX_ppm_V> of entity <d3_8e_hxilinx_ppm>.
Parsing entity <M4_1E_HXILINX_ppm>.
Parsing architecture <M4_1E_HXILINX_ppm_V> of entity <m4_1e_hxilinx_ppm>.
Parsing entity <CB4CLE_HXILINX_ppm>.
Parsing architecture <Behavioral> of entity <cb4cle_hxilinx_ppm>.
Parsing entity <D2_4E_HXILINX_ppm>.
Parsing architecture <D2_4E_HXILINX_ppm_V> of entity <d2_4e_hxilinx_ppm>.
Parsing entity <M2_1_HXILINX_ppm>.
Parsing architecture <M2_1_HXILINX_ppm_V> of entity <m2_1_hxilinx_ppm>.
Parsing entity <CB2CE_HXILINX_ppm>.
Parsing architecture <Behavioral> of entity <cb2ce_hxilinx_ppm>.
Parsing entity <X74_157_MUSER_ppm>.
Parsing architecture <BEHAVIORAL> of entity <x74_157_muser_ppm>.
Parsing entity <X74_153_MUSER_ppm>.
Parsing architecture <BEHAVIORAL> of entity <x74_153_muser_ppm>.
Parsing entity <ppm>.
Parsing architecture <BEHAVIORAL> of entity <ppm>.

=========================================================================
*                            HDL Elaboration                            *
=========================================================================

Elaborating entity <ppm> (architecture <BEHAVIORAL>) from library <work>.

Elaborating entity <CB2CE_HXILINX_ppm> (architecture <Behavioral>) from library <work>.

Elaborating entity <CB4CLE_HXILINX_ppm> (architecture <Behavioral>) from library <work>.

Elaborating entity <D3_8E_HXILINX_ppm> (architecture <D3_8E_HXILINX_ppm_V>) from library <work>.
INFO:HDLCompiler:679 - "\\csepdcg6.cselabs.local\hh753\newcs2204\pfhvsmnexys48displays\ppm.vhf" Line 575. Case statement is complete. others clause is never selected

Elaborating entity <CB16CE_HXILINX_ppm> (architecture <Behavioral>) from library <work>.

Elaborating entity <FD4CE_HXILINX_ppm> (architecture <Behavioral>) from library <work>.

Elaborating entity <X74_157_MUSER_ppm> (architecture <BEHAVIORAL>) from library <work>.

Elaborating entity <M2_1E_HXILINX_ppm> (architecture <M2_1E_HXILINX_ppm_V>) from library <work>.
INFO:HDLCompiler:679 - "\\csepdcg6.cselabs.local\hh753\newcs2204\pfhvsmnexys48displays\ppm.vhf" Line 226. Case statement is complete. others clause is never selected

Elaborating entity <X74_153_MUSER_ppm> (architecture <BEHAVIORAL>) from library <work>.

Elaborating entity <M2_1_HXILINX_ppm> (architecture <M2_1_HXILINX_ppm_V>) from library <work>.
INFO:HDLCompiler:679 - "\\csepdcg6.cselabs.local\hh753\newcs2204\pfhvsmnexys48displays\ppm.vhf" Line 753. Case statement is complete. others clause is never selected

Elaborating entity <M8_1E_HXILINX_ppm> (architecture <M8_1E_HXILINX_ppm_V>) from library <work>.
INFO:HDLCompiler:679 - "\\csepdcg6.cselabs.local\hh753\newcs2204\pfhvsmnexys48displays\ppm.vhf" Line 373. Case statement is complete. others clause is never selected

Elaborating entity <FD8CE_HXILINX_ppm> (architecture <Behavioral>) from library <work>.

Elaborating entity <CD4CE_HXILINX_ppm> (architecture <Behavioral>) from library <work>.

Elaborating entity <COMP4_HXILINX_ppm> (architecture <COMP4_HXILINX_ppm_V>) from library <work>.

Elaborating entity <ADD4_HXILINX_ppm> (architecture <ADD4_HXILINX_ppm_V>) from library <work>.

Elaborating entity <M4_1E_HXILINX_ppm> (architecture <M4_1E_HXILINX_ppm_V>) from library <work>.
INFO:HDLCompiler:679 - "\\csepdcg6.cselabs.local\hh753\newcs2204\pfhvsmnexys48displays\ppm.vhf" Line 624. Case statement is complete. others clause is never selected

Elaborating entity <ADD8_HXILINX_ppm> (architecture <ADD8_HXILINX_ppm_V>) from library <work>.

Elaborating entity <COMPM8_HXILINX_ppm> (architecture <COMPM8_HXILINX_ppm_V>) from library <work>.

Elaborating entity <COMPM2_HXILINX_ppm> (architecture <COMPM2_HXILINX_ppm_V>) from library <work>.

Elaborating entity <COMPM4_HXILINX_ppm> (architecture <COMPM4_HXILINX_ppm_V>) from library <work>.

Elaborating entity <D2_4E_HXILINX_ppm> (architecture <D2_4E_HXILINX_ppm_V>) from library <work>.
INFO:HDLCompiler:679 - "\\csepdcg6.cselabs.local\hh753\newcs2204\pfhvsmnexys48displays\ppm.vhf" Line 719. Case statement is complete. others clause is never selected

Elaborating entity <CB4CE_HXILINX_ppm> (architecture <Behavioral>) from library <work>.

=========================================================================
*                           HDL Synthesis                               *
=========================================================================

Synthesizing Unit <ppm>.
    Related source file is "\\csepdcg6.cselabs.local\hh753\newcs2204\pfhvsmnexys48displays\ppm.vhf".
    Set property "HU_SET = U6_39" for instance <U6>.
    Set property "HU_SET = U64_14" for instance <U64>.
    Set property "HU_SET = U65_15" for instance <U65>.
    Set property "HU_SET = U66_40" for instance <U66>.
    Set property "HU_SET = U67_41" for instance <U67>.
    Set property "HU_SET = U69_42" for instance <U69>.
    Set property "INIT = 2812" for instance <U104>.
    Set property "INIT = D860" for instance <U105>.
    Set property "INIT = D004" for instance <U106>.
    Set property "INIT = 8692" for instance <U107>.
    Set property "INIT = 02BA" for instance <U108>.
    Set property "INIT = 208E" for instance <U109>.
    Set property "INIT = 1083" for instance <U110>.
    Set property "HU_SET = U112_10" for instance <U112>.
    Set property "HU_SET = U113_24" for instance <U113>.
    Set property "HU_SET = U114_25" for instance <U114>.
    Set property "HU_SET = U115_26" for instance <U115>.
    Set property "HU_SET = U116_27" for instance <U116>.
    Set property "HU_SET = U117_21" for instance <U117>.
    Set property "HU_SET = U118_22" for instance <U118>.
    Set property "HU_SET = U119_20" for instance <U119>.
    Set property "HU_SET = U120_19" for instance <U120>.
    Set property "HU_SET = U121_18" for instance <U121>.
    Set property "HU_SET = U122_17" for instance <U122>.
    Set property "HU_SET = U128_48" for instance <U128>.
    Set property "HU_SET = U131_47" for instance <U131>.
    Set property "HU_SET = U132_50" for instance <U132>.
    Set property "HU_SET = U133_51" for instance <U133>.
    Set property "HU_SET = U134_49" for instance <U134>.
    Set property "HU_SET = U135_52" for instance <U135>.
    Set property "HU_SET = U148_46" for instance <U148>.
    Set property "HU_SET = U149_45" for instance <U149>.
    Set property "HU_SET = U150_43" for instance <U150>.
    Set property "HU_SET = U151_44" for instance <U151>.
    Set property "HU_SET = U155_23" for instance <U155>.
    Set property "HU_SET = U159_55" for instance <U159>.
    Set property "HU_SET = U160_56" for instance <U160>.
    Set property "HU_SET = U161_54" for instance <U161>.
    Set property "HU_SET = U162_53" for instance <U162>.
    Set property "HU_SET = U169_58" for instance <U169>.
    Set property "HU_SET = U171_59" for instance <U171>.
    Set property "HU_SET = U176_57" for instance <U176>.
    Set property "HU_SET = U181_61" for instance <U181>.
    Set property "HU_SET = U182_60" for instance <U182>.
    Set property "HU_SET = U183_11" for instance <U183>.
    Set property "HU_SET = U184_12" for instance <U184>.
    Set property "HU_SET = U185_13" for instance <U185>.
    Set property "HU_SET = U186_28" for instance <U186>.
    Set property "HU_SET = U188_29" for instance <U188>.
    Set property "HU_SET = U190_36" for instance <U190>.
    Set property "HU_SET = U191_37" for instance <U191>.
    Set property "HU_SET = U195_32" for instance <U195>.
    Set property "HU_SET = U198_62" for instance <U198>.
    Set property "HU_SET = U199_63" for instance <U199>.
    Set property "HU_SET = U202_64" for instance <U202>.
    Set property "HU_SET = U218_66" for instance <U218>.
    Set property "HU_SET = U220_65" for instance <U220>.
    Set property "HU_SET = U226_67" for instance <U226>.
    Set property "HU_SET = U227_68" for instance <U227>.
    Set property "HU_SET = U228_38" for instance <U228>.
    Set property "HU_SET = U245_35" for instance <U245>.
    Set property "HU_SET = U247_16" for instance <U247>.
    Set property "HU_SET = U253_34" for instance <U253>.
    Set property "HU_SET = U254_33" for instance <U254>.
    Set property "HU_SET = U269_30" for instance <U269>.
    Set property "HU_SET = U271_31" for instance <U271>.
    Set property "IOSTANDARD = DEFAULT" for instance <XLXI_1290>.
    Set property "CAPACITANCE = DONT_CARE" for instance <XLXI_1290>.
    Set property "IOSTANDARD = DEFAULT" for instance <XLXI_1291>.
    Set property "CAPACITANCE = DONT_CARE" for instance <XLXI_1291>.
    Set property "IOSTANDARD = DEFAULT" for instance <XLXI_1292>.
    Set property "CAPACITANCE = DONT_CARE" for instance <XLXI_1292>.
    Set property "IOSTANDARD = DEFAULT" for instance <XLXI_1293>.
    Set property "CAPACITANCE = DONT_CARE" for instance <XLXI_1293>.
    Set property "IOSTANDARD = DEFAULT" for instance <XLXI_1294>.
    Set property "CAPACITANCE = DONT_CARE" for instance <XLXI_1294>.
    Set property "IOSTANDARD = DEFAULT" for instance <XLXI_1295>.
    Set property "CAPACITANCE = DONT_CARE" for instance <XLXI_1295>.
    Set property "IOSTANDARD = DEFAULT" for instance <XLXI_1296>.
    Set property "CAPACITANCE = DONT_CARE" for instance <XLXI_1296>.
    Set property "IOSTANDARD = DEFAULT" for instance <XLXI_1297>.
    Set property "CAPACITANCE = DONT_CARE" for instance <XLXI_1297>.
    Set property "IOSTANDARD = DEFAULT" for instance <XLXI_1298>.
    Set property "CAPACITANCE = DONT_CARE" for instance <XLXI_1298>.
    Set property "IOSTANDARD = DEFAULT" for instance <XLXI_1299>.
    Set property "CAPACITANCE = DONT_CARE" for instance <XLXI_1299>.
    Set property "IOSTANDARD = DEFAULT" for instance <XLXI_1300>.
    Set property "CAPACITANCE = DONT_CARE" for instance <XLXI_1300>.
    Set property "IOSTANDARD = DEFAULT" for instance <XLXI_1301>.
    Set property "CAPACITANCE = DONT_CARE" for instance <XLXI_1301>.
    Set property "IOSTANDARD = DEFAULT" for instance <XLXI_1302>.
    Set property "CAPACITANCE = DONT_CARE" for instance <XLXI_1302>.
    Set property "IOSTANDARD = DEFAULT" for instance <XLXI_1303>.
    Set property "CAPACITANCE = DONT_CARE" for instance <XLXI_1303>.
    Set property "SLEW = SLOW" for instance <XLXI_1303>.
    Set property "DRIVE = 12" for instance <XLXI_1303>.
    Set property "IOSTANDARD = DEFAULT" for instance <XLXI_1304>.
    Set property "CAPACITANCE = DONT_CARE" for instance <XLXI_1304>.
    Set property "SLEW = SLOW" for instance <XLXI_1304>.
    Set property "DRIVE = 12" for instance <XLXI_1304>.
    Set property "IOSTANDARD = DEFAULT" for instance <XLXI_1305>.
    Set property "CAPACITANCE = DONT_CARE" for instance <XLXI_1305>.
    Set property "SLEW = SLOW" for instance <XLXI_1305>.
    Set property "DRIVE = 12" for instance <XLXI_1305>.
    Set property "IOSTANDARD = DEFAULT" for instance <XLXI_1306>.
    Set property "CAPACITANCE = DONT_CARE" for instance <XLXI_1306>.
    Set property "SLEW = SLOW" for instance <XLXI_1306>.
    Set property "DRIVE = 12" for instance <XLXI_1306>.
    Set property "IOSTANDARD = DEFAULT" for instance <XLXI_1307>.
    Set property "CAPACITANCE = DONT_CARE" for instance <XLXI_1307>.
    Set property "SLEW = SLOW" for instance <XLXI_1307>.
    Set property "DRIVE = 12" for instance <XLXI_1307>.
    Set property "IOSTANDARD = DEFAULT" for instance <XLXI_1308>.
    Set property "CAPACITANCE = DONT_CARE" for instance <XLXI_1308>.
    Set property "SLEW = SLOW" for instance <XLXI_1308>.
    Set property "DRIVE = 12" for instance <XLXI_1308>.
    Set property "IOSTANDARD = DEFAULT" for instance <XLXI_1309>.
    Set property "CAPACITANCE = DONT_CARE" for instance <XLXI_1309>.
    Set property "SLEW = SLOW" for instance <XLXI_1309>.
    Set property "DRIVE = 12" for instance <XLXI_1309>.
    Set property "IOSTANDARD = DEFAULT" for instance <XLXI_1310>.
    Set property "CAPACITANCE = DONT_CARE" for instance <XLXI_1310>.
    Set property "SLEW = SLOW" for instance <XLXI_1310>.
    Set property "DRIVE = 12" for instance <XLXI_1310>.
    Set property "IOSTANDARD = DEFAULT" for instance <XLXI_1311>.
    Set property "CAPACITANCE = DONT_CARE" for instance <XLXI_1311>.
    Set property "SLEW = SLOW" for instance <XLXI_1311>.
    Set property "DRIVE = 12" for instance <XLXI_1311>.
    Set property "IOSTANDARD = DEFAULT" for instance <XLXI_1312>.
    Set property "CAPACITANCE = DONT_CARE" for instance <XLXI_1312>.
    Set property "SLEW = SLOW" for instance <XLXI_1312>.
    Set property "DRIVE = 12" for instance <XLXI_1312>.
    Set property "IOSTANDARD = DEFAULT" for instance <XLXI_1313>.
    Set property "CAPACITANCE = DONT_CARE" for instance <XLXI_1313>.
    Set property "SLEW = SLOW" for instance <XLXI_1313>.
    Set property "DRIVE = 12" for instance <XLXI_1313>.
    Set property "IOSTANDARD = DEFAULT" for instance <XLXI_1314>.
    Set property "CAPACITANCE = DONT_CARE" for instance <XLXI_1314>.
    Set property "SLEW = SLOW" for instance <XLXI_1314>.
    Set property "DRIVE = 12" for instance <XLXI_1314>.
    Set property "IOSTANDARD = DEFAULT" for instance <XLXI_1315>.
    Set property "CAPACITANCE = DONT_CARE" for instance <XLXI_1315>.
    Set property "SLEW = SLOW" for instance <XLXI_1315>.
    Set property "DRIVE = 12" for instance <XLXI_1315>.
    Set property "IOSTANDARD = DEFAULT" for instance <XLXI_1316>.
    Set property "CAPACITANCE = DONT_CARE" for instance <XLXI_1316>.
    Set property "SLEW = SLOW" for instance <XLXI_1316>.
    Set property "DRIVE = 12" for instance <XLXI_1316>.
    Set property "IOSTANDARD = DEFAULT" for instance <XLXI_1317>.
    Set property "CAPACITANCE = DONT_CARE" for instance <XLXI_1317>.
    Set property "SLEW = SLOW" for instance <XLXI_1317>.
    Set property "DRIVE = 12" for instance <XLXI_1317>.
    Set property "IOSTANDARD = DEFAULT" for instance <XLXI_1318>.
    Set property "CAPACITANCE = DONT_CARE" for instance <XLXI_1318>.
    Set property "SLEW = SLOW" for instance <XLXI_1318>.
    Set property "DRIVE = 12" for instance <XLXI_1318>.
    Set property "IOSTANDARD = DEFAULT" for instance <XLXI_1319>.
    Set property "CAPACITANCE = DONT_CARE" for instance <XLXI_1319>.
    Set property "SLEW = SLOW" for instance <XLXI_1319>.
    Set property "DRIVE = 12" for instance <XLXI_1319>.
    Set property "IOSTANDARD = DEFAULT" for instance <XLXI_1320>.
    Set property "CAPACITANCE = DONT_CARE" for instance <XLXI_1320>.
    Set property "SLEW = SLOW" for instance <XLXI_1320>.
    Set property "DRIVE = 12" for instance <XLXI_1320>.
    Set property "IOSTANDARD = DEFAULT" for instance <XLXI_1321>.
    Set property "CAPACITANCE = DONT_CARE" for instance <XLXI_1321>.
    Set property "SLEW = SLOW" for instance <XLXI_1321>.
    Set property "DRIVE = 12" for instance <XLXI_1321>.
    Set property "IOSTANDARD = DEFAULT" for instance <XLXI_1509>.
    Set property "CAPACITANCE = DONT_CARE" for instance <XLXI_1509>.
    Set property "SLEW = SLOW" for instance <XLXI_1509>.
    Set property "DRIVE = 12" for instance <XLXI_1509>.
    Set property "IOSTANDARD = DEFAULT" for instance <XLXI_1510>.
    Set property "CAPACITANCE = DONT_CARE" for instance <XLXI_1510>.
    Set property "SLEW = SLOW" for instance <XLXI_1510>.
    Set property "DRIVE = 12" for instance <XLXI_1510>.
    Set property "IOSTANDARD = DEFAULT" for instance <XLXI_1511>.
    Set property "CAPACITANCE = DONT_CARE" for instance <XLXI_1511>.
    Set property "SLEW = SLOW" for instance <XLXI_1511>.
    Set property "DRIVE = 12" for instance <XLXI_1511>.
    Set property "IOSTANDARD = DEFAULT" for instance <XLXI_1512>.
    Set property "CAPACITANCE = DONT_CARE" for instance <XLXI_1512>.
    Set property "SLEW = SLOW" for instance <XLXI_1512>.
    Set property "DRIVE = 12" for instance <XLXI_1512>.
    Set property "HU_SET = XLXI_1513_69" for instance <XLXI_1513>.
    Set property "HU_SET = XLXI_1542_70" for instance <XLXI_1542>.
    Set property "HU_SET = XLXI_1543_71" for instance <XLXI_1543>.
    Set property "HU_SET = XLXI_1544_72" for instance <XLXI_1544>.
    Set property "HU_SET = XLXI_1545_73" for instance <XLXI_1545>.
    Set property "HU_SET = XLXI_1564_74" for instance <XLXI_1564>.
INFO:Xst:3210 - "\\csepdcg6.cselabs.local\hh753\newcs2204\pfhvsmnexys48displays\ppm.vhf" line 2193: Output port <CEO> of the instance <U6> is unconnected or connected to loadless signal.
INFO:Xst:3210 - "\\csepdcg6.cselabs.local\hh753\newcs2204\pfhvsmnexys48displays\ppm.vhf" line 2193: Output port <Q0> of the instance <U6> is unconnected or connected to loadless signal.
INFO:Xst:3210 - "\\csepdcg6.cselabs.local\hh753\newcs2204\pfhvsmnexys48displays\ppm.vhf" line 2193: Output port <Q1> of the instance <U6> is unconnected or connected to loadless signal.
INFO:Xst:3210 - "\\csepdcg6.cselabs.local\hh753\newcs2204\pfhvsmnexys48displays\ppm.vhf" line 2514: Output port <CEO> of the instance <U64> is unconnected or connected to loadless signal.
INFO:Xst:3210 - "\\csepdcg6.cselabs.local\hh753\newcs2204\pfhvsmnexys48displays\ppm.vhf" line 2514: Output port <Q3> of the instance <U64> is unconnected or connected to loadless signal.
INFO:Xst:3210 - "\\csepdcg6.cselabs.local\hh753\newcs2204\pfhvsmnexys48displays\ppm.vhf" line 2514: Output port <TC> of the instance <U64> is unconnected or connected to loadless signal.
INFO:Xst:3210 - "\\csepdcg6.cselabs.local\hh753\newcs2204\pfhvsmnexys48displays\ppm.vhf" line 2530: Output port <D7> of the instance <U65> is unconnected or connected to loadless signal.
INFO:Xst:3210 - "\\csepdcg6.cselabs.local\hh753\newcs2204\pfhvsmnexys48displays\ppm.vhf" line 2544: Output port <CEO> of the instance <U66> is unconnected or connected to loadless signal.
INFO:Xst:3210 - "\\csepdcg6.cselabs.local\hh753\newcs2204\pfhvsmnexys48displays\ppm.vhf" line 2544: Output port <TC> of the instance <U66> is unconnected or connected to loadless signal.
INFO:Xst:3210 - "\\csepdcg6.cselabs.local\hh753\newcs2204\pfhvsmnexys48displays\ppm.vhf" line 2552: Output port <CEO> of the instance <U67> is unconnected or connected to loadless signal.
INFO:Xst:3210 - "\\csepdcg6.cselabs.local\hh753\newcs2204\pfhvsmnexys48displays\ppm.vhf" line 2552: Output port <TC> of the instance <U67> is unconnected or connected to loadless signal.
INFO:Xst:3210 - "\\csepdcg6.cselabs.local\hh753\newcs2204\pfhvsmnexys48displays\ppm.vhf" line 2951: Output port <CEO> of the instance <U119> is unconnected or connected to loadless signal.
INFO:Xst:3210 - "\\csepdcg6.cselabs.local\hh753\newcs2204\pfhvsmnexys48displays\ppm.vhf" line 2951: Output port <Q0> of the instance <U119> is unconnected or connected to loadless signal.
INFO:Xst:3210 - "\\csepdcg6.cselabs.local\hh753\newcs2204\pfhvsmnexys48displays\ppm.vhf" line 2951: Output port <TC> of the instance <U119> is unconnected or connected to loadless signal.
INFO:Xst:3210 - "\\csepdcg6.cselabs.local\hh753\newcs2204\pfhvsmnexys48displays\ppm.vhf" line 3178: Output port <OFL> of the instance <U148> is unconnected or connected to loadless signal.
INFO:Xst:3210 - "\\csepdcg6.cselabs.local\hh753\newcs2204\pfhvsmnexys48displays\ppm.vhf" line 3195: Output port <OFL> of the instance <U149> is unconnected or connected to loadless signal.
INFO:Xst:3210 - "\\csepdcg6.cselabs.local\hh753\newcs2204\pfhvsmnexys48displays\ppm.vhf" line 3212: Output port <OFL> of the instance <U150> is unconnected or connected to loadless signal.
INFO:Xst:3210 - "\\csepdcg6.cselabs.local\hh753\newcs2204\pfhvsmnexys48displays\ppm.vhf" line 3229: Output port <OFL> of the instance <U151> is unconnected or connected to loadless signal.
INFO:Xst:3210 - "\\csepdcg6.cselabs.local\hh753\newcs2204\pfhvsmnexys48displays\ppm.vhf" line 3430: Output port <CO> of the instance <U171> is unconnected or connected to loadless signal.
INFO:Xst:3210 - "\\csepdcg6.cselabs.local\hh753\newcs2204\pfhvsmnexys48displays\ppm.vhf" line 3430: Output port <OFL> of the instance <U171> is unconnected or connected to loadless signal.
INFO:Xst:3210 - "\\csepdcg6.cselabs.local\hh753\newcs2204\pfhvsmnexys48displays\ppm.vhf" line 3430: Output port <S2> of the instance <U171> is unconnected or connected to loadless signal.
INFO:Xst:3210 - "\\csepdcg6.cselabs.local\hh753\newcs2204\pfhvsmnexys48displays\ppm.vhf" line 3430: Output port <S3> of the instance <U171> is unconnected or connected to loadless signal.
INFO:Xst:3210 - "\\csepdcg6.cselabs.local\hh753\newcs2204\pfhvsmnexys48displays\ppm.vhf" line 3539: Output port <OFL> of the instance <U181> is unconnected or connected to loadless signal.
INFO:Xst:3210 - "\\csepdcg6.cselabs.local\hh753\newcs2204\pfhvsmnexys48displays\ppm.vhf" line 3547: Output port <OFL> of the instance <U182> is unconnected or connected to loadless signal.
INFO:Xst:3210 - "\\csepdcg6.cselabs.local\hh753\newcs2204\pfhvsmnexys48displays\ppm.vhf" line 3555: Output port <LT> of the instance <U183> is unconnected or connected to loadless signal.
INFO:Xst:3210 - "\\csepdcg6.cselabs.local\hh753\newcs2204\pfhvsmnexys48displays\ppm.vhf" line 3561: Output port <Q3> of the instance <U184> is unconnected or connected to loadless signal.
INFO:Xst:3210 - "\\csepdcg6.cselabs.local\hh753\newcs2204\pfhvsmnexys48displays\ppm.vhf" line 3581: Output port <LT> of the instance <U186> is unconnected or connected to loadless signal.
INFO:Xst:3210 - "\\csepdcg6.cselabs.local\hh753\newcs2204\pfhvsmnexys48displays\ppm.vhf" line 3614: Output port <S> of the instance <U190> is unconnected or connected to loadless signal.
INFO:Xst:3210 - "\\csepdcg6.cselabs.local\hh753\newcs2204\pfhvsmnexys48displays\ppm.vhf" line 3614: Output port <OFL> of the instance <U190> is unconnected or connected to loadless signal.
INFO:Xst:3210 - "\\csepdcg6.cselabs.local\hh753\newcs2204\pfhvsmnexys48displays\ppm.vhf" line 3622: Output port <LT> of the instance <U191> is unconnected or connected to loadless signal.
INFO:Xst:3210 - "\\csepdcg6.cselabs.local\hh753\newcs2204\pfhvsmnexys48displays\ppm.vhf" line 3646: Output port <CEO> of the instance <U195> is unconnected or connected to loadless signal.
INFO:Xst:3210 - "\\csepdcg6.cselabs.local\hh753\newcs2204\pfhvsmnexys48displays\ppm.vhf" line 3646: Output port <Q0> of the instance <U195> is unconnected or connected to loadless signal.
INFO:Xst:3210 - "\\csepdcg6.cselabs.local\hh753\newcs2204\pfhvsmnexys48displays\ppm.vhf" line 3646: Output port <Q1> of the instance <U195> is unconnected or connected to loadless signal.
INFO:Xst:3210 - "\\csepdcg6.cselabs.local\hh753\newcs2204\pfhvsmnexys48displays\ppm.vhf" line 3669: Output port <GT> of the instance <U198> is unconnected or connected to loadless signal.
INFO:Xst:3210 - "\\csepdcg6.cselabs.local\hh753\newcs2204\pfhvsmnexys48displays\ppm.vhf" line 3681: Output port <GT> of the instance <U199> is unconnected or connected to loadless signal.
INFO:Xst:3210 - "\\csepdcg6.cselabs.local\hh753\newcs2204\pfhvsmnexys48displays\ppm.vhf" line 3725: Output port <GT> of the instance <U202> is unconnected or connected to loadless signal.
INFO:Xst:3210 - "\\csepdcg6.cselabs.local\hh753\newcs2204\pfhvsmnexys48displays\ppm.vhf" line 3907: Output port <Q3> of the instance <U227> is unconnected or connected to loadless signal.
INFO:Xst:3210 - "\\csepdcg6.cselabs.local\hh753\newcs2204\pfhvsmnexys48displays\ppm.vhf" line 4163: Output port <CEO> of the instance <U269> is unconnected or connected to loadless signal.
INFO:Xst:3210 - "\\csepdcg6.cselabs.local\hh753\newcs2204\pfhvsmnexys48displays\ppm.vhf" line 4163: Output port <TC> of the instance <U269> is unconnected or connected to loadless signal.
INFO:Xst:3210 - "\\csepdcg6.cselabs.local\hh753\newcs2204\pfhvsmnexys48displays\ppm.vhf" line 4511: Output port <CEO> of the instance <XLXI_1513> is unconnected or connected to loadless signal.
INFO:Xst:3210 - "\\csepdcg6.cselabs.local\hh753\newcs2204\pfhvsmnexys48displays\ppm.vhf" line 4511: Output port <Q3> of the instance <XLXI_1513> is unconnected or connected to loadless signal.
INFO:Xst:3210 - "\\csepdcg6.cselabs.local\hh753\newcs2204\pfhvsmnexys48displays\ppm.vhf" line 4511: Output port <TC> of the instance <XLXI_1513> is unconnected or connected to loadless signal.
    Summary:
	no macro.
Unit <ppm> synthesized.

Synthesizing Unit <CB2CE_HXILINX_ppm>.
    Related source file is "\\csepdcg6.cselabs.local\hh753\newcs2204\pfhvsmnexys48displays\ppm.vhf".
    Found 2-bit register for signal <COUNT>.
    Found 2-bit adder for signal <COUNT[1]_GND_8_o_add_0_OUT> created at line 791.
    Summary:
	inferred   1 Adder/Subtractor(s).
	inferred   2 D-type flip-flop(s).
Unit <CB2CE_HXILINX_ppm> synthesized.

Synthesizing Unit <CB4CLE_HXILINX_ppm>.
    Related source file is "\\csepdcg6.cselabs.local\hh753\newcs2204\pfhvsmnexys48displays\ppm.vhf".
    Found 4-bit register for signal <COUNT>.
    Found 4-bit adder for signal <COUNT[3]_GND_9_o_add_0_OUT> created at line 670.
    Summary:
	inferred   1 Adder/Subtractor(s).
	inferred   4 D-type flip-flop(s).
	inferred   2 Multiplexer(s).
Unit <CB4CLE_HXILINX_ppm> synthesized.

Synthesizing Unit <D3_8E_HXILINX_ppm>.
    Related source file is "\\csepdcg6.cselabs.local\hh753\newcs2204\pfhvsmnexys48displays\ppm.vhf".
    Summary:
	inferred   1 Multiplexer(s).
Unit <D3_8E_HXILINX_ppm> synthesized.

Synthesizing Unit <CB16CE_HXILINX_ppm>.
    Related source file is "\\csepdcg6.cselabs.local\hh753\newcs2204\pfhvsmnexys48displays\ppm.vhf".
    Found 16-bit register for signal <COUNT>.
    Found 16-bit adder for signal <COUNT[15]_GND_11_o_add_0_OUT> created at line 521.
    Summary:
	inferred   1 Adder/Subtractor(s).
	inferred  16 D-type flip-flop(s).
Unit <CB16CE_HXILINX_ppm> synthesized.

Synthesizing Unit <FD4CE_HXILINX_ppm>.
    Related source file is "\\csepdcg6.cselabs.local\hh753\newcs2204\pfhvsmnexys48displays\ppm.vhf".
    Found 1-bit register for signal <Q2>.
    Found 1-bit register for signal <Q1>.
    Found 1-bit register for signal <Q0>.
    Found 1-bit register for signal <Q3>.
    Summary:
	inferred   4 D-type flip-flop(s).
Unit <FD4CE_HXILINX_ppm> synthesized.

Synthesizing Unit <X74_157_MUSER_ppm>.
    Related source file is "\\csepdcg6.cselabs.local\hh753\newcs2204\pfhvsmnexys48displays\ppm.vhf".
    Set property "HU_SET = XLXI_114_0" for instance <XLXI_114>.
    Set property "HU_SET = XLXI_115_1" for instance <XLXI_115>.
    Set property "HU_SET = XLXI_116_2" for instance <XLXI_116>.
    Set property "HU_SET = XLXI_117_3" for instance <XLXI_117>.
    Summary:
	no macro.
Unit <X74_157_MUSER_ppm> synthesized.

Synthesizing Unit <M2_1E_HXILINX_ppm>.
    Related source file is "\\csepdcg6.cselabs.local\hh753\newcs2204\pfhvsmnexys48displays\ppm.vhf".
    Summary:
	inferred   2 Multiplexer(s).
Unit <M2_1E_HXILINX_ppm> synthesized.

Synthesizing Unit <X74_153_MUSER_ppm>.
    Related source file is "\\csepdcg6.cselabs.local\hh753\newcs2204\pfhvsmnexys48displays\ppm.vhf".
    Set property "HU_SET = XLXI_1_4" for instance <XLXI_1>.
    Set property "HU_SET = XLXI_2_5" for instance <XLXI_2>.
    Set property "HU_SET = XLXI_3_6" for instance <XLXI_3>.
    Set property "HU_SET = XLXI_4_7" for instance <XLXI_4>.
    Set property "HU_SET = XLXI_5_8" for instance <XLXI_5>.
    Set property "HU_SET = XLXI_6_9" for instance <XLXI_6>.
    Summary:
	no macro.
Unit <X74_153_MUSER_ppm> synthesized.

Synthesizing Unit <M2_1_HXILINX_ppm>.
    Related source file is "\\csepdcg6.cselabs.local\hh753\newcs2204\pfhvsmnexys48displays\ppm.vhf".
    Summary:
	inferred   1 Multiplexer(s).
Unit <M2_1_HXILINX_ppm> synthesized.

Synthesizing Unit <M8_1E_HXILINX_ppm>.
    Related source file is "\\csepdcg6.cselabs.local\hh753\newcs2204\pfhvsmnexys48displays\ppm.vhf".
    Found 1-bit 8-to-1 multiplexer for signal <S2_D7_Mux_0_o> created at line 364.
    Summary:
	inferred   2 Multiplexer(s).
Unit <M8_1E_HXILINX_ppm> synthesized.

Synthesizing Unit <FD8CE_HXILINX_ppm>.
    Related source file is "\\csepdcg6.cselabs.local\hh753\newcs2204\pfhvsmnexys48displays\ppm.vhf".
    Found 8-bit register for signal <Q>.
    Summary:
	inferred   8 D-type flip-flop(s).
Unit <FD8CE_HXILINX_ppm> synthesized.

Synthesizing Unit <CD4CE_HXILINX_ppm>.
    Related source file is "\\csepdcg6.cselabs.local\hh753\newcs2204\pfhvsmnexys48displays\ppm.vhf".
    Found 4-bit register for signal <COUNT>.
    Found 4-bit adder for signal <COUNT[3]_GND_19_o_add_4_OUT> created at line 424.
    Summary:
	inferred   1 Adder/Subtractor(s).
	inferred   4 D-type flip-flop(s).
	inferred   9 Multiplexer(s).
Unit <CD4CE_HXILINX_ppm> synthesized.

Synthesizing Unit <COMP4_HXILINX_ppm>.
    Related source file is "\\csepdcg6.cselabs.local\hh753\newcs2204\pfhvsmnexys48displays\ppm.vhf".
    Summary:
Unit <COMP4_HXILINX_ppm> synthesized.

Synthesizing Unit <ADD4_HXILINX_ppm>.
    Related source file is "\\csepdcg6.cselabs.local\hh753\newcs2204\pfhvsmnexys48displays\ppm.vhf".
    Found 5-bit adder for signal <n0024> created at line 268.
    Found 5-bit adder for signal <adsu_p.adsu_tmp> created at line 268.
    Summary:
	inferred   2 Adder/Subtractor(s).
Unit <ADD4_HXILINX_ppm> synthesized.

Synthesizing Unit <M4_1E_HXILINX_ppm>.
    Related source file is "\\csepdcg6.cselabs.local\hh753\newcs2204\pfhvsmnexys48displays\ppm.vhf".
    Found 1-bit 4-to-1 multiplexer for signal <S1_D3_Mux_0_o> created at line 619.
    Summary:
	inferred   2 Multiplexer(s).
Unit <M4_1E_HXILINX_ppm> synthesized.

Synthesizing Unit <ADD8_HXILINX_ppm>.
    Related source file is "\\csepdcg6.cselabs.local\hh753\newcs2204\pfhvsmnexys48displays\ppm.vhf".
    Found 9-bit adder for signal <n0022> created at line 300.
    Found 9-bit adder for signal <adder_tmp> created at line 300.
    Summary:
	inferred   2 Adder/Subtractor(s).
Unit <ADD8_HXILINX_ppm> synthesized.

Synthesizing Unit <COMPM8_HXILINX_ppm>.
    Related source file is "\\csepdcg6.cselabs.local\hh753\newcs2204\pfhvsmnexys48displays\ppm.vhf".
    Found 8-bit comparator greater for signal <GT> created at line 109
    Found 8-bit comparator greater for signal <LT> created at line 110
    Summary:
	inferred   2 Comparator(s).
Unit <COMPM8_HXILINX_ppm> synthesized.

Synthesizing Unit <COMPM2_HXILINX_ppm>.
    Related source file is "\\csepdcg6.cselabs.local\hh753\newcs2204\pfhvsmnexys48displays\ppm.vhf".
    Found 2-bit comparator greater for signal <GT> created at line 50
    Found 2-bit comparator greater for signal <LT> created at line 51
    Summary:
	inferred   2 Comparator(s).
Unit <COMPM2_HXILINX_ppm> synthesized.

Synthesizing Unit <COMPM4_HXILINX_ppm>.
    Related source file is "\\csepdcg6.cselabs.local\hh753\newcs2204\pfhvsmnexys48displays\ppm.vhf".
    Found 4-bit comparator greater for signal <GT> created at line 86
    Found 4-bit comparator greater for signal <LT> created at line 87
    Summary:
	inferred   2 Comparator(s).
Unit <COMPM4_HXILINX_ppm> synthesized.

Synthesizing Unit <D2_4E_HXILINX_ppm>.
    Related source file is "\\csepdcg6.cselabs.local\hh753\newcs2204\pfhvsmnexys48displays\ppm.vhf".
    Summary:
	inferred   1 Multiplexer(s).
Unit <D2_4E_HXILINX_ppm> synthesized.

Synthesizing Unit <CB4CE_HXILINX_ppm>.
    Related source file is "\\csepdcg6.cselabs.local\hh753\newcs2204\pfhvsmnexys48displays\ppm.vhf".
    Found 4-bit register for signal <COUNT>.
    Found 4-bit adder for signal <COUNT[3]_GND_28_o_add_0_OUT> created at line 184.
    Summary:
	inferred   1 Adder/Subtractor(s).
	inferred   4 D-type flip-flop(s).
Unit <CB4CE_HXILINX_ppm> synthesized.

=========================================================================
HDL Synthesis Report

Macro Statistics
# Adders/Subtractors                                   : 24
 16-bit adder                                          : 2
 2-bit adder                                           : 2
 4-bit adder                                           : 4
 5-bit adder                                           : 10
 9-bit adder                                           : 6
# Registers                                            : 71
 1-bit register                                        : 60
 16-bit register                                       : 2
 2-bit register                                        : 2
 4-bit register                                        : 4
 8-bit register                                        : 3
# Comparators                                          : 12
 2-bit comparator greater                              : 2
 4-bit comparator greater                              : 6
 8-bit comparator greater                              : 4
# Multiplexers                                         : 204
 1-bit 2-to-1 multiplexer                              : 184
 1-bit 4-to-1 multiplexer                              : 2
 1-bit 8-to-1 multiplexer                              : 5
 4-bit 2-to-1 multiplexer                              : 10
 8-bit 2-to-1 multiplexer                              : 3
# Xors                                                 : 40
 1-bit xor2                                            : 40

=========================================================================

=========================================================================
*                       Advanced HDL Synthesis                          *
=========================================================================


Synthesizing (advanced) Unit <CB16CE_HXILINX_ppm>.
The following registers are absorbed into counter <COUNT>: 1 register on signal <COUNT>.
Unit <CB16CE_HXILINX_ppm> synthesized (advanced).

Synthesizing (advanced) Unit <CB2CE_HXILINX_ppm>.
The following registers are absorbed into counter <COUNT>: 1 register on signal <COUNT>.
Unit <CB2CE_HXILINX_ppm> synthesized (advanced).

Synthesizing (advanced) Unit <CB4CE_HXILINX_ppm>.
The following registers are absorbed into counter <COUNT>: 1 register on signal <COUNT>.
Unit <CB4CE_HXILINX_ppm> synthesized (advanced).

Synthesizing (advanced) Unit <CB4CLE_HXILINX_ppm>.
The following registers are absorbed into counter <COUNT>: 1 register on signal <COUNT>.
Unit <CB4CLE_HXILINX_ppm> synthesized (advanced).

=========================================================================
Advanced HDL Synthesis Report

Macro Statistics
# Adders/Subtractors                                   : 9
 4-bit adder                                           : 1
 5-bit adder carry in                                  : 5
 9-bit adder carry in                                  : 3
# Counters                                             : 7
 16-bit up counter                                     : 2
 2-bit up counter                                      : 2
 4-bit up counter                                      : 3
# Registers                                            : 105
 Flip-Flops                                            : 105
# Comparators                                          : 12
 2-bit comparator greater                              : 2
 4-bit comparator greater                              : 6
 8-bit comparator greater                              : 4
# Multiplexers                                         : 161
 1-bit 2-to-1 multiplexer                              : 142
 1-bit 4-to-1 multiplexer                              : 2
 1-bit 8-to-1 multiplexer                              : 5
 4-bit 2-to-1 multiplexer                              : 9
 8-bit 2-to-1 multiplexer                              : 3
# Xors                                                 : 40
 1-bit xor2                                            : 40

=========================================================================

=========================================================================
*                         Low Level Synthesis                           *
=========================================================================

Optimizing unit <ppm> ...

Optimizing unit <FD4CE_HXILINX_ppm> ...

Optimizing unit <FD8CE_HXILINX_ppm> ...

Optimizing unit <X74_153_MUSER_ppm> ...

Optimizing unit <M2_1E_HXILINX_ppm> ...

Optimizing unit <M8_1E_HXILINX_ppm> ...

Optimizing unit <CB4CLE_HXILINX_ppm> ...

Optimizing unit <CB16CE_HXILINX_ppm> ...

Optimizing unit <ADD4_HXILINX_ppm> ...

Optimizing unit <CB2CE_HXILINX_ppm> ...

Optimizing unit <D3_8E_HXILINX_ppm> ...

Optimizing unit <M2_1_HXILINX_ppm> ...

Optimizing unit <M4_1E_HXILINX_ppm> ...

Optimizing unit <COMP4_HXILINX_ppm> ...

Optimizing unit <COMPM4_HXILINX_ppm> ...

Optimizing unit <COMPM8_HXILINX_ppm> ...

Optimizing unit <ADD8_HXILINX_ppm> ...

Optimizing unit <CB4CE_HXILINX_ppm> ...

Optimizing unit <COMPM2_HXILINX_ppm> ...

Optimizing unit <D2_4E_HXILINX_ppm> ...

Optimizing unit <CD4CE_HXILINX_ppm> ...
WARNING:Xst:1293 - FF/Latch <Q_7> has a constant value of 0 in block <U185>. This FF/Latch will be trimmed during the optimization process.
WARNING:Xst:2677 - Node <COUNT_3> of sequential type is unconnected in block <U64>.
WARNING:Xst:2677 - Node <COUNT_9> of sequential type is unconnected in block <U67>.
WARNING:Xst:2677 - Node <COUNT_10> of sequential type is unconnected in block <U67>.
WARNING:Xst:2677 - Node <COUNT_11> of sequential type is unconnected in block <U67>.
WARNING:Xst:2677 - Node <COUNT_12> of sequential type is unconnected in block <U67>.
WARNING:Xst:2677 - Node <COUNT_13> of sequential type is unconnected in block <U67>.
WARNING:Xst:2677 - Node <COUNT_14> of sequential type is unconnected in block <U67>.
WARNING:Xst:2677 - Node <COUNT_15> of sequential type is unconnected in block <U67>.
WARNING:Xst:2677 - Node <Q3> of sequential type is unconnected in block <U184>.
WARNING:Xst:2677 - Node <Q3> of sequential type is unconnected in block <U227>.
WARNING:Xst:2677 - Node <COUNT_3> of sequential type is unconnected in block <XLXI_1513>.
WARNING:Xst:1290 - Hierarchical block <U173/XLXI_3> is unconnected in block <ppm>.
   It will be removed from the design.

Mapping all equations...
Building and optimizing final netlist ...
Found area constraint ratio of 100 (+ 5) on block ppm, actual ratio is 0.

Final Macro Processing ...

=========================================================================
Final Register Report

Macro Statistics
# Registers                                            : 141
 Flip-Flops                                            : 141

=========================================================================

=========================================================================
*                           Partition Report                            *
=========================================================================

Partition Implementation Status
-------------------------------

  No Partitions were found in this design.

-------------------------------

=========================================================================
*                            Design Summary                             *
=========================================================================

Top Level Output File Name         : ppm.ngc

Primitive and Black Box Usage:
------------------------------
# BELS                             : 583
#      AND2                        : 43
#      AND2B1                      : 17
#      AND2B2                      : 2
#      AND3                        : 7
#      AND3B1                      : 7
#      AND3B2                      : 6
#      AND3B3                      : 1
#      AND4B1                      : 1
#      AND4B2                      : 2
#      BUF                         : 16
#      GND                         : 4
#      INV                         : 46
#      LUT1                        : 21
#      LUT2                        : 37
#      LUT3                        : 66
#      LUT4                        : 107
#      LUT5                        : 17
#      LUT6                        : 22
#      MUXCY                       : 47
#      MUXF7                       : 5
#      OR2                         : 38
#      OR2B1                       : 7
#      OR3                         : 4
#      OR4                         : 8
#      OR5                         : 1
#      ROM16X1                     : 7
#      VCC                         : 3
#      XORCY                       : 41
# FlipFlops/Latches                : 141
#      FD                          : 6
#      FDC                         : 4
#      FDCE                        : 131
# Clock Buffers                    : 4
#      BUFG                        : 4
# IO Buffers                       : 36
#      IBUF                        : 13
#      OBUF                        : 23
# Logical                          : 13
#      NAND2                       : 4
#      NOR2                        : 2
#      NOR3                        : 2
#      NOR4                        : 4
#      NOR5                        : 1

Device utilization summary:
---------------------------

Selected Device : 7a100tcsg324-3 


Slice Logic Utilization: 
 Number of Slice Registers:             140  out of  126800     0%  
 Number of Slice LUTs:                  323  out of  63400     0%  
    Number used as Logic:               316  out of  63400     0%  
    Number used as Memory:                7  out of  19000     0%  
       Number used as ROM:                7

Slice Logic Distribution: 
 Number of LUT Flip Flop pairs used:    463
   Number with an unused Flip Flop:     323  out of    463    69%  
   Number with an unused LUT:           140  out of    463    30%  
   Number of fully used LUT-FF pairs:     0  out of    463     0%  
   Number of unique control sets:        38

IO Utilization: 
 Number of IOs:                          52
 Number of bonded IOBs:                  36  out of    210    17%  
    IOB Flip Flops/Latches:               1

Specific Feature Utilization:
 Number of BUFG/BUFGCTRLs:                4  out of     32    12%  

---------------------------
Partition Resource Summary:
---------------------------

  No Partitions were found in this design.

---------------------------


=========================================================================
Timing Report

NOTE: THESE TIMING NUMBERS ARE ONLY A SYNTHESIS ESTIMATE.
      FOR ACCURATE TIMING INFORMATION PLEASE REFER TO THE TRACE REPORT
      GENERATED AFTER PLACE-and-ROUTE.

Clock Information:
------------------
-----------------------------------+------------------------+-------+
Clock Signal                       | Clock buffer(FF name)  | Load  |
-----------------------------------+------------------------+-------+
U67/COUNT_4                        | BUFG                   | 28    |
U67/COUNT_7                        | BUFG                   | 79    |
U66/COUNT_15                       | NONE(U67/COUNT_0)      | 9     |
CLOCK_NP2B                         | IBUF+BUFG              | 16    |
U67/COUNT_0                        | NONE(XLXI_1513/COUNT_0)| 3     |
U67/COUNT_2                        | BUFG                   | 6     |
-----------------------------------+------------------------+-------+
INFO:Xst:2169 - HDL ADVISOR - Some clock signals were not automatically buffered by XST with BUFG/BUFR resources. Please use the buffer_type constraint in order to insert these buffers to the clock signals to help prevent skew problems.

Asynchronous Control Signals Information:
----------------------------------------
No asynchronous control signals found in this design

Timing Summary:
---------------
Speed Grade: -3

   Minimum period: 21.021ns (Maximum Frequency: 47.571MHz)
   Minimum input arrival time before clock: 20.578ns
   Maximum output required time after clock: 16.319ns
   Maximum combinational path delay: 15.876ns

Timing Details:
---------------
All values displayed in nanoseconds (ns)

=========================================================================
Timing constraint: Default period analysis for Clock 'U67/COUNT_7'
  Clock period: 21.021ns (frequency: 47.571MHz)
  Total number of paths / destination ports: 631511791 / 155
-------------------------------------------------------------------------
Delay:               21.021ns (Levels of Logic = 55)
  Source:            U64/COUNT_2 (FF)
  Destination:       U71 (FF)
  Source Clock:      U67/COUNT_7 rising
  Destination Clock: U67/COUNT_7 rising

  Data Path: U64/COUNT_2 to U71
                                Gate     Net
    Cell:in->out      fanout   Delay   Delay  Logical Name (Net Name)
    ----------------------------------------  ------------
     FDCE:C->Q            10   0.361   0.321  COUNT_2 (COUNT_2)
     end scope: 'U64:Q2'
     BUF:I->O             13   0.511   0.739  SELPLYR_BUF (SELPLYR)
     AND2:I1->O            4   0.107   0.309  U124 (XLXN_1346)
     begin scope: 'XLXI_1287/XLXI_114:S0'
     LUT4:I3->O           19   0.097   0.595  Mmux_O11 (O)
     end scope: 'XLXI_1287/XLXI_114:O'
     OR4:I3->O             2   0.279   0.560  U196 (RDNOTZERO)
     AND4B2:I2->O          4   0.234   0.707  U197 (INITPLAYONZERODISP)
     AND4B2:I0->O          1   0.097   0.693  U241 (XLXN_2277)
     AND2:I0->O            2   0.097   0.698  U239 (ACTION3)
     OR2:I0->O             6   0.097   0.318  U233 (PLAYPOS0)
     begin scope: 'U244/XLXI_4:S0'
     LUT3:I2->O            1   0.097   0.379  Mmux_O11 (O)
     end scope: 'U244/XLXI_4:O'
     begin scope: 'U244/XLXI_6:D1'
     LUT4:I2->O            1   0.097   0.683  Mmux_O11 (O)
     end scope: 'U244/XLXI_6:O'
     AND2B1:I1->O          4   0.107   0.309  U246 (XLXN_2310)
     begin scope: 'U247:A1'
     LUT3:I2->O            1   0.097   0.683  Mmux_d_tmp21 (D1)
     end scope: 'U247:D1'
     OR2:I1->O             1   0.107   0.295  U249 (P2SEL1)
     begin scope: 'U152/XLXI_115:D1'
     LUT4:I3->O            5   0.097   0.702  Mmux_O11 (O)
     end scope: 'U152/XLXI_115:O'
     OR2:I1->O            14   0.107   0.355  U153 (ENCPSEL0)
     begin scope: 'U157/XLXI_4:S0'
     LUT3:I2->O            1   0.097   0.379  Mmux_O11 (O)
     end scope: 'U157/XLXI_4:O'
     begin scope: 'U157/XLXI_6:D1'
     LUT4:I2->O            1   0.097   0.295  Mmux_O11 (O)
     end scope: 'U157/XLXI_6:O'
     begin scope: 'U158/XLXI_115:D1'
     LUT4:I3->O           18   0.097   0.458  Mmux_O11 (O)
     end scope: 'U158/XLXI_115:O'
     begin scope: 'U162:A1'
     LUT4:I2->O            1   0.097   0.295  EQ_SW0 (N01)
     LUT5:I4->O            3   0.097   0.289  EQ (EQ)
     end scope: 'U162:EQ'
     BUF:I->O              2   0.511   0.698  RDP3EQ2_BUF (RDP3EQ2)
     AND2:I0->O            2   0.097   0.697  U163 (RDP3EQ1)
     AND2:I0->O            1   0.097   0.295  U164 (RDP3EQ0)
     begin scope: 'U170/XLXI_2:D1'
     LUT3:I2->O            1   0.097   0.379  Mmux_O11 (O)
     end scope: 'U170/XLXI_2:O'
     begin scope: 'U170/XLXI_5:D1'
     LUT4:I2->O            2   0.097   0.299  Mmux_O11 (O)
     end scope: 'U170/XLXI_5:O'
     begin scope: 'U171:CI'
     LUT3:I2->O           10   0.097   0.321  Madd_adsu_p.adsu_tmp_Madd_xor<1>11 (S1)
     end scope: 'U171:S1'
     INV:I->O              1   0.511   0.295  U175 (XLXN_1764)
     begin scope: 'U176:E'
     LUT4:I3->O            3   0.097   0.305  Mmux_O11 (O)
     end scope: 'U176:O'
     begin scope: 'U182:A<1>'
     LUT2:I1->O            1   0.097   0.000  Madd_adder_tmp_Madd_lut<1> (Madd_adder_tmp_Madd_lut<1>)
     MUXCY:S->O            1   0.353   0.000  Madd_adder_tmp_Madd_cy<1> (Madd_adder_tmp_Madd_cy<1>)
     MUXCY:CI->O           1   0.023   0.000  Madd_adder_tmp_Madd_cy<2> (Madd_adder_tmp_Madd_cy<2>)
     MUXCY:CI->O           1   0.023   0.000  Madd_adder_tmp_Madd_cy<3> (Madd_adder_tmp_Madd_cy<3>)
     MUXCY:CI->O           1   0.023   0.000  Madd_adder_tmp_Madd_cy<4> (Madd_adder_tmp_Madd_cy<4>)
     MUXCY:CI->O           1   0.023   0.000  Madd_adder_tmp_Madd_cy<5> (Madd_adder_tmp_Madd_cy<5>)
     MUXCY:CI->O           1   0.023   0.000  Madd_adder_tmp_Madd_cy<6> (Madd_adder_tmp_Madd_cy<6>)
     XORCY:CI->O           1   0.370   0.295  Madd_adder_tmp_Madd_xor<7> (S<7>)
     end scope: 'U182:S<7>'
     begin scope: 'U181:B<7>'
     LUT2:I1->O            1   0.097   0.000  Madd_adder_tmp_Madd_lut<7> (Madd_adder_tmp_Madd_lut<7>)
     MUXCY:S->O            1   0.583   0.683  Madd_adder_tmp_Madd_cy<7> (CO)
     end scope: 'U181:CO'
     OR2:I1->O             1   0.107   0.279  U180 (PTOVF)
     FDCE:D                    0.008          U71
    ----------------------------------------
    Total                     21.021ns (6.408ns logic, 14.613ns route)
                                       (30.5% logic, 69.5% route)

=========================================================================
Timing constraint: Default period analysis for Clock 'U67/COUNT_4'
  Clock period: 19.553ns (frequency: 51.144MHz)
  Total number of paths / destination ports: 54785645 / 71
-------------------------------------------------------------------------
Delay:               19.553ns (Levels of Logic = 46)
  Source:            U188/Q0 (FF)
  Destination:       U184/Q2 (FF)
  Source Clock:      U67/COUNT_4 rising
  Destination Clock: U67/COUNT_4 rising

  Data Path: U188/Q0 to U184/Q2
                                Gate     Net
    Cell:in->out      fanout   Delay   Delay  Logical Name (Net Name)
    ----------------------------------------  ------------
     FDCE:C->Q             2   0.361   0.698  Q0 (Q0)
     end scope: 'U188:Q0'
     OR2:I0->O             4   0.097   0.707  U189 (ADJ)
     AND2:I0->O            2   0.097   0.560  U230 (LADJCODE)
     AND3B3:I2->O          4   0.234   0.697  U240 (NOWCNRD)
     AND4B1:I1->O          1   0.107   0.683  U237 (XLXN_2274)
     OR2:I1->O             1   0.107   0.683  U236 (ACTION1)
     OR2:I1->O             6   0.107   0.318  U233 (PLAYPOS0)
     begin scope: 'U244/XLXI_4:S0'
     LUT3:I2->O            1   0.097   0.379  Mmux_O11 (O)
     end scope: 'U244/XLXI_4:O'
     begin scope: 'U244/XLXI_6:D1'
     LUT4:I2->O            1   0.097   0.683  Mmux_O11 (O)
     end scope: 'U244/XLXI_6:O'
     AND2B1:I1->O          4   0.107   0.309  U246 (XLXN_2310)
     begin scope: 'U247:A1'
     LUT3:I2->O            1   0.097   0.683  Mmux_d_tmp21 (D1)
     end scope: 'U247:D1'
     OR2:I1->O             1   0.107   0.295  U249 (P2SEL1)
     begin scope: 'U152/XLXI_115:D1'
     LUT4:I3->O            5   0.097   0.702  Mmux_O11 (O)
     end scope: 'U152/XLXI_115:O'
     OR2:I1->O            14   0.107   0.355  U153 (ENCPSEL0)
     begin scope: 'U157/XLXI_4:S0'
     LUT3:I2->O            1   0.097   0.379  Mmux_O11 (O)
     end scope: 'U157/XLXI_4:O'
     begin scope: 'U157/XLXI_6:D1'
     LUT4:I2->O            1   0.097   0.295  Mmux_O11 (O)
     end scope: 'U157/XLXI_6:O'
     begin scope: 'U158/XLXI_115:D1'
     LUT4:I3->O           18   0.097   0.458  Mmux_O11 (O)
     end scope: 'U158/XLXI_115:O'
     begin scope: 'U162:A1'
     LUT4:I2->O            1   0.097   0.295  EQ_SW0 (N01)
     LUT5:I4->O            3   0.097   0.289  EQ (EQ)
     end scope: 'U162:EQ'
     BUF:I->O              2   0.511   0.698  RDP3EQ2_BUF (RDP3EQ2)
     AND2:I0->O            2   0.097   0.698  U163 (RDP3EQ1)
     AND2:I0->O            1   0.097   0.295  U164 (RDP3EQ0)
     begin scope: 'U170/XLXI_2:D1'
     LUT3:I2->O            1   0.097   0.379  Mmux_O11 (O)
     end scope: 'U170/XLXI_2:O'
     begin scope: 'U170/XLXI_5:D1'
     LUT4:I2->O            2   0.097   0.299  Mmux_O11 (O)
     end scope: 'U170/XLXI_5:O'
     begin scope: 'U171:CI'
     LUT3:I2->O           13   0.097   0.351  Madd_adsu_p.adsu_tmp_Madd_xor<0>11 (S0)
     end scope: 'U171:S0'
     begin scope: 'U174/XLXI_4:S0'
     LUT3:I2->O            1   0.097   0.379  Mmux_O11 (O)
     end scope: 'U174/XLXI_4:O'
     begin scope: 'U174/XLXI_6:D1'
     LUT4:I2->O            4   0.097   0.393  Mmux_O11 (O)
     end scope: 'U174/XLXI_6:O'
     begin scope: 'U183:A<3>'
     LUT4:I2->O            1   0.097   0.511  GT1_SW1 (N11)
     LUT5:I2->O            1   0.097   0.295  GT1 (GT2)
     LUT3:I2->O            1   0.097   0.683  GT21 (GT)
     end scope: 'U183:GT'
     OR2:I1->O             1   0.107   0.683  U262 (XLXN_1907)
     AND2:I1->O           10   0.107   0.321  U261 (STNLRWDRD)
     begin scope: 'U184:CE'
     FDCE:CE                   0.095          Q2
    ----------------------------------------
    Total                     19.553ns (4.094ns logic, 15.459ns route)
                                       (20.9% logic, 79.1% route)

=========================================================================
Timing constraint: Default period analysis for Clock 'U66/COUNT_15'
  Clock period: 1.659ns (frequency: 602.664MHz)
  Total number of paths / destination ports: 45 / 9
-------------------------------------------------------------------------
Delay:               1.659ns (Levels of Logic = 10)
  Source:            U67/COUNT_0 (FF)
  Destination:       U67/COUNT_8 (FF)
  Source Clock:      U66/COUNT_15 rising
  Destination Clock: U66/COUNT_15 rising

  Data Path: U67/COUNT_0 to U67/COUNT_8
                                Gate     Net
    Cell:in->out      fanout   Delay   Delay  Logical Name (Net Name)
    ----------------------------------------  ------------
     FDCE:C->Q             4   0.361   0.293  COUNT_0 (COUNT_0)
     INV:I->O              1   0.113   0.000  Mcount_COUNT_lut<0>_INV_0 (Mcount_COUNT_lut<0>)
     MUXCY:S->O            1   0.353   0.000  Mcount_COUNT_cy<0> (Mcount_COUNT_cy<0>)
     MUXCY:CI->O           1   0.023   0.000  Mcount_COUNT_cy<1> (Mcount_COUNT_cy<1>)
     MUXCY:CI->O           1   0.023   0.000  Mcount_COUNT_cy<2> (Mcount_COUNT_cy<2>)
     MUXCY:CI->O           1   0.023   0.000  Mcount_COUNT_cy<3> (Mcount_COUNT_cy<3>)
     MUXCY:CI->O           1   0.023   0.000  Mcount_COUNT_cy<4> (Mcount_COUNT_cy<4>)
     MUXCY:CI->O           1   0.023   0.000  Mcount_COUNT_cy<5> (Mcount_COUNT_cy<5>)
     MUXCY:CI->O           1   0.023   0.000  Mcount_COUNT_cy<6> (Mcount_COUNT_cy<6>)
     MUXCY:CI->O           0   0.023   0.000  Mcount_COUNT_cy<7> (Mcount_COUNT_cy<7>)
     XORCY:CI->O           1   0.370   0.000  Mcount_COUNT_xor<8> (Result<8>)
     FDCE:D                    0.008          COUNT_8
    ----------------------------------------
    Total                      1.659ns (1.366ns logic, 0.293ns route)
                                       (82.3% logic, 17.7% route)

=========================================================================
Timing constraint: Default period analysis for Clock 'CLOCK_NP2B'
  Clock period: 1.806ns (frequency: 553.618MHz)
  Total number of paths / destination ports: 136 / 16
-------------------------------------------------------------------------
Delay:               1.806ns (Levels of Logic = 17)
  Source:            U66/COUNT_0 (FF)
  Destination:       U66/COUNT_15 (FF)
  Source Clock:      CLOCK_NP2B rising
  Destination Clock: CLOCK_NP2B rising

  Data Path: U66/COUNT_0 to U66/COUNT_15
                                Gate     Net
    Cell:in->out      fanout   Delay   Delay  Logical Name (Net Name)
    ----------------------------------------  ------------
     FDCE:C->Q             1   0.361   0.279  COUNT_0 (COUNT_0)
     INV:I->O              1   0.113   0.000  Mcount_COUNT_lut<0>_INV_0 (Mcount_COUNT_lut<0>)
     MUXCY:S->O            1   0.353   0.000  Mcount_COUNT_cy<0> (Mcount_COUNT_cy<0>)
     MUXCY:CI->O           1   0.023   0.000  Mcount_COUNT_cy<1> (Mcount_COUNT_cy<1>)
     MUXCY:CI->O           1   0.023   0.000  Mcount_COUNT_cy<2> (Mcount_COUNT_cy<2>)
     MUXCY:CI->O           1   0.023   0.000  Mcount_COUNT_cy<3> (Mcount_COUNT_cy<3>)
     MUXCY:CI->O           1   0.023   0.000  Mcount_COUNT_cy<4> (Mcount_COUNT_cy<4>)
     MUXCY:CI->O           1   0.023   0.000  Mcount_COUNT_cy<5> (Mcount_COUNT_cy<5>)
     MUXCY:CI->O           1   0.023   0.000  Mcount_COUNT_cy<6> (Mcount_COUNT_cy<6>)
     MUXCY:CI->O           1   0.023   0.000  Mcount_COUNT_cy<7> (Mcount_COUNT_cy<7>)
     MUXCY:CI->O           1   0.023   0.000  Mcount_COUNT_cy<8> (Mcount_COUNT_cy<8>)
     MUXCY:CI->O           1   0.023   0.000  Mcount_COUNT_cy<9> (Mcount_COUNT_cy<9>)
     MUXCY:CI->O           1   0.023   0.000  Mcount_COUNT_cy<10> (Mcount_COUNT_cy<10>)
     MUXCY:CI->O           1   0.023   0.000  Mcount_COUNT_cy<11> (Mcount_COUNT_cy<11>)
     MUXCY:CI->O           1   0.023   0.000  Mcount_COUNT_cy<12> (Mcount_COUNT_cy<12>)
     MUXCY:CI->O           1   0.023   0.000  Mcount_COUNT_cy<13> (Mcount_COUNT_cy<13>)
     MUXCY:CI->O           0   0.023   0.000  Mcount_COUNT_cy<14> (Mcount_COUNT_cy<14>)
     XORCY:CI->O           1   0.370   0.000  Mcount_COUNT_xor<15> (Result<15>)
     FDCE:D                    0.008          COUNT_15
    ----------------------------------------
    Total                      1.806ns (1.527ns logic, 0.279ns route)
                                       (84.5% logic, 15.5% route)

=========================================================================
Timing constraint: Default period analysis for Clock 'U67/COUNT_0'
  Clock period: 1.124ns (frequency: 889.759MHz)
  Total number of paths / destination ports: 6 / 3
-------------------------------------------------------------------------
Delay:               1.124ns (Levels of Logic = 1)
  Source:            XLXI_1513/COUNT_0 (FF)
  Destination:       XLXI_1513/COUNT_0 (FF)
  Source Clock:      U67/COUNT_0 rising
  Destination Clock: U67/COUNT_0 rising

  Data Path: XLXI_1513/COUNT_0 to XLXI_1513/COUNT_0
                                Gate     Net
    Cell:in->out      fanout   Delay   Delay  Logical Name (Net Name)
    ----------------------------------------  ------------
     FDCE:C->Q            19   0.361   0.363  COUNT_0 (COUNT_0)
     INV:I->O              1   0.113   0.279  Mcount_COUNT_xor<0>11_INV_0 (Result<0>)
     FDCE:D                    0.008          COUNT_0
    ----------------------------------------
    Total                      1.124ns (0.482ns logic, 0.642ns route)
                                       (42.9% logic, 57.1% route)

=========================================================================
Timing constraint: Default period analysis for Clock 'U67/COUNT_2'
  Clock period: 1.055ns (frequency: 948.227MHz)
  Total number of paths / destination ports: 11 / 4
-------------------------------------------------------------------------
Delay:               1.055ns (Levels of Logic = 1)
  Source:            U119/COUNT_0 (FF)
  Destination:       U119/COUNT_0 (FF)
  Source Clock:      U67/COUNT_2 rising
  Destination Clock: U67/COUNT_2 rising

  Data Path: U119/COUNT_0 to U119/COUNT_0
                                Gate     Net
    Cell:in->out      fanout   Delay   Delay  Logical Name (Net Name)
    ----------------------------------------  ------------
     FDCE:C->Q             4   0.361   0.293  COUNT_0 (COUNT_0)
     INV:I->O              1   0.113   0.279  Mmux_COUNT[3]_GND_19_o_mux_8_OUT11_INV_0 (COUNT[3]_GND_19_o_mux_8_OUT<0>)
     FDCE:D                    0.008          COUNT_0
    ----------------------------------------
    Total                      1.055ns (0.482ns logic, 0.573ns route)
                                       (45.7% logic, 54.3% route)

=========================================================================
Timing constraint: Default OFFSET IN BEFORE for Clock 'U67/COUNT_4'
  Total number of paths / destination ports: 50637249 / 33
-------------------------------------------------------------------------
Offset:              20.472ns (Levels of Logic = 50)
  Source:            P1SEL0_NP2B (PAD)
  Destination:       U184/Q2 (FF)
  Destination Clock: U67/COUNT_4 rising

  Data Path: P1SEL0_NP2B to U184/Q2
                                Gate     Net
    Cell:in->out      fanout   Delay   Delay  Logical Name (Net Name)
    ----------------------------------------  ------------
     IBUF:I->O             4   0.001   0.707  XLXI_1293 (P1SEL<0>)
     OR4:I0->O             1   0.097   0.693  U123 (XLXN_1347)
     AND2:I0->O            4   0.097   0.309  U124 (XLXN_1346)
     begin scope: 'XLXI_1287/XLXI_114:S0'
     LUT4:I3->O           19   0.097   0.595  Mmux_O11 (O)
     end scope: 'XLXI_1287/XLXI_114:O'
     OR4:I3->O             2   0.279   0.560  U196 (RDNOTZERO)
     AND4B2:I2->O          4   0.234   0.707  U197 (INITPLAYONZERODISP)
     AND4B2:I0->O          1   0.097   0.693  U241 (XLXN_2277)
     AND2:I0->O            2   0.097   0.698  U239 (ACTION3)
     OR2:I0->O             6   0.097   0.318  U233 (PLAYPOS0)
     begin scope: 'U244/XLXI_4:S0'
     LUT3:I2->O            1   0.097   0.379  Mmux_O11 (O)
     end scope: 'U244/XLXI_4:O'
     begin scope: 'U244/XLXI_6:D1'
     LUT4:I2->O            1   0.097   0.683  Mmux_O11 (O)
     end scope: 'U244/XLXI_6:O'
     AND2B1:I1->O          4   0.107   0.309  U246 (XLXN_2310)
     begin scope: 'U247:A1'
     LUT3:I2->O            1   0.097   0.683  Mmux_d_tmp21 (D1)
     end scope: 'U247:D1'
     OR2:I1->O             1   0.107   0.295  U249 (P2SEL1)
     begin scope: 'U152/XLXI_115:D1'
     LUT4:I3->O            5   0.097   0.702  Mmux_O11 (O)
     end scope: 'U152/XLXI_115:O'
     OR2:I1->O            14   0.107   0.355  U153 (ENCPSEL0)
     begin scope: 'U157/XLXI_4:S0'
     LUT3:I2->O            1   0.097   0.379  Mmux_O11 (O)
     end scope: 'U157/XLXI_4:O'
     begin scope: 'U157/XLXI_6:D1'
     LUT4:I2->O            1   0.097   0.295  Mmux_O11 (O)
     end scope: 'U157/XLXI_6:O'
     begin scope: 'U158/XLXI_115:D1'
     LUT4:I3->O           18   0.097   0.458  Mmux_O11 (O)
     end scope: 'U158/XLXI_115:O'
     begin scope: 'U162:A1'
     LUT4:I2->O            1   0.097   0.295  EQ_SW0 (N01)
     LUT5:I4->O            3   0.097   0.289  EQ (EQ)
     end scope: 'U162:EQ'
     BUF:I->O              2   0.511   0.698  RDP3EQ2_BUF (RDP3EQ2)
     AND2:I0->O            2   0.097   0.698  U163 (RDP3EQ1)
     AND2:I0->O            1   0.097   0.295  U164 (RDP3EQ0)
     begin scope: 'U170/XLXI_2:D1'
     LUT3:I2->O            1   0.097   0.379  Mmux_O11 (O)
     end scope: 'U170/XLXI_2:O'
     begin scope: 'U170/XLXI_5:D1'
     LUT4:I2->O            2   0.097   0.299  Mmux_O11 (O)
     end scope: 'U170/XLXI_5:O'
     begin scope: 'U171:CI'
     LUT3:I2->O           13   0.097   0.351  Madd_adsu_p.adsu_tmp_Madd_xor<0>11 (S0)
     end scope: 'U171:S0'
     begin scope: 'U174/XLXI_4:S0'
     LUT3:I2->O            1   0.097   0.379  Mmux_O11 (O)
     end scope: 'U174/XLXI_4:O'
     begin scope: 'U174/XLXI_6:D1'
     LUT4:I2->O            4   0.097   0.393  Mmux_O11 (O)
     end scope: 'U174/XLXI_6:O'
     begin scope: 'U183:A<3>'
     LUT4:I2->O            1   0.097   0.511  GT1_SW1 (N11)
     LUT5:I2->O            1   0.097   0.295  GT1 (GT2)
     LUT3:I2->O            1   0.097   0.683  GT21 (GT)
     end scope: 'U183:GT'
     OR2:I1->O             1   0.107   0.683  U262 (XLXN_1907)
     AND2:I1->O           10   0.107   0.321  U261 (STNLRWDRD)
     begin scope: 'U184:CE'
     FDCE:CE                   0.095          Q2
    ----------------------------------------
    Total                     20.472ns (4.080ns logic, 16.393ns route)
                                       (19.9% logic, 80.1% route)

=========================================================================
Timing constraint: Default OFFSET IN BEFORE for Clock 'U67/COUNT_7'
  Total number of paths / destination ports: 238877367 / 127
-------------------------------------------------------------------------
Offset:              20.578ns (Levels of Logic = 55)
  Source:            P1SEL0_NP2B (PAD)
  Destination:       U71 (FF)
  Destination Clock: U67/COUNT_7 rising

  Data Path: P1SEL0_NP2B to U71
                                Gate     Net
    Cell:in->out      fanout   Delay   Delay  Logical Name (Net Name)
    ----------------------------------------  ------------
     IBUF:I->O             4   0.001   0.707  XLXI_1293 (P1SEL<0>)
     OR4:I0->O             1   0.097   0.693  U123 (XLXN_1347)
     AND2:I0->O            4   0.097   0.309  U124 (XLXN_1346)
     begin scope: 'XLXI_1287/XLXI_114:S0'
     LUT4:I3->O           19   0.097   0.595  Mmux_O11 (O)
     end scope: 'XLXI_1287/XLXI_114:O'
     OR4:I3->O             2   0.279   0.560  U196 (RDNOTZERO)
     AND4B2:I2->O          4   0.234   0.707  U197 (INITPLAYONZERODISP)
     AND4B2:I0->O          1   0.097   0.693  U241 (XLXN_2277)
     AND2:I0->O            2   0.097   0.698  U239 (ACTION3)
     OR2:I0->O             6   0.097   0.318  U233 (PLAYPOS0)
     begin scope: 'U244/XLXI_4:S0'
     LUT3:I2->O            1   0.097   0.379  Mmux_O11 (O)
     end scope: 'U244/XLXI_4:O'
     begin scope: 'U244/XLXI_6:D1'
     LUT4:I2->O            1   0.097   0.683  Mmux_O11 (O)
     end scope: 'U244/XLXI_6:O'
     AND2B1:I1->O          4   0.107   0.309  U246 (XLXN_2310)
     begin scope: 'U247:A1'
     LUT3:I2->O            1   0.097   0.683  Mmux_d_tmp21 (D1)
     end scope: 'U247:D1'
     OR2:I1->O             1   0.107   0.295  U249 (P2SEL1)
     begin scope: 'U152/XLXI_115:D1'
     LUT4:I3->O            5   0.097   0.702  Mmux_O11 (O)
     end scope: 'U152/XLXI_115:O'
     OR2:I1->O            14   0.107   0.355  U153 (ENCPSEL0)
     begin scope: 'U157/XLXI_4:S0'
     LUT3:I2->O            1   0.097   0.379  Mmux_O11 (O)
     end scope: 'U157/XLXI_4:O'
     begin scope: 'U157/XLXI_6:D1'
     LUT4:I2->O            1   0.097   0.295  Mmux_O11 (O)
     end scope: 'U157/XLXI_6:O'
     begin scope: 'U158/XLXI_115:D1'
     LUT4:I3->O           18   0.097   0.458  Mmux_O11 (O)
     end scope: 'U158/XLXI_115:O'
     begin scope: 'U162:A1'
     LUT4:I2->O            1   0.097   0.295  EQ_SW0 (N01)
     LUT5:I4->O            3   0.097   0.289  EQ (EQ)
     end scope: 'U162:EQ'
     BUF:I->O              2   0.511   0.698  RDP3EQ2_BUF (RDP3EQ2)
     AND2:I0->O            2   0.097   0.697  U163 (RDP3EQ1)
     AND2:I0->O            1   0.097   0.295  U164 (RDP3EQ0)
     begin scope: 'U170/XLXI_2:D1'
     LUT3:I2->O            1   0.097   0.379  Mmux_O11 (O)
     end scope: 'U170/XLXI_2:O'
     begin scope: 'U170/XLXI_5:D1'
     LUT4:I2->O            2   0.097   0.299  Mmux_O11 (O)
     end scope: 'U170/XLXI_5:O'
     begin scope: 'U171:CI'
     LUT3:I2->O           10   0.097   0.321  Madd_adsu_p.adsu_tmp_Madd_xor<1>11 (S1)
     end scope: 'U171:S1'
     INV:I->O              1   0.511   0.295  U175 (XLXN_1764)
     begin scope: 'U176:E'
     LUT4:I3->O            3   0.097   0.305  Mmux_O11 (O)
     end scope: 'U176:O'
     begin scope: 'U182:A<1>'
     LUT2:I1->O            1   0.097   0.000  Madd_adder_tmp_Madd_lut<1> (Madd_adder_tmp_Madd_lut<1>)
     MUXCY:S->O            1   0.353   0.000  Madd_adder_tmp_Madd_cy<1> (Madd_adder_tmp_Madd_cy<1>)
     MUXCY:CI->O           1   0.023   0.000  Madd_adder_tmp_Madd_cy<2> (Madd_adder_tmp_Madd_cy<2>)
     MUXCY:CI->O           1   0.023   0.000  Madd_adder_tmp_Madd_cy<3> (Madd_adder_tmp_Madd_cy<3>)
     MUXCY:CI->O           1   0.023   0.000  Madd_adder_tmp_Madd_cy<4> (Madd_adder_tmp_Madd_cy<4>)
     MUXCY:CI->O           1   0.023   0.000  Madd_adder_tmp_Madd_cy<5> (Madd_adder_tmp_Madd_cy<5>)
     MUXCY:CI->O           1   0.023   0.000  Madd_adder_tmp_Madd_cy<6> (Madd_adder_tmp_Madd_cy<6>)
     XORCY:CI->O           1   0.370   0.295  Madd_adder_tmp_Madd_xor<7> (S<7>)
     end scope: 'U182:S<7>'
     begin scope: 'U181:B<7>'
     LUT2:I1->O            1   0.097   0.000  Madd_adder_tmp_Madd_lut<7> (Madd_adder_tmp_Madd_lut<7>)
     MUXCY:S->O            1   0.583   0.683  Madd_adder_tmp_Madd_cy<7> (CO)
     end scope: 'U181:CO'
     OR2:I1->O             1   0.107   0.279  U180 (PTOVF)
     FDCE:D                    0.008          U71
    ----------------------------------------
    Total                     20.578ns (5.624ns logic, 14.954ns route)
                                       (27.3% logic, 72.7% route)

=========================================================================
Timing constraint: Default OFFSET IN BEFORE for Clock 'U67/COUNT_2'
  Total number of paths / destination ports: 2 / 2
-------------------------------------------------------------------------
Offset:              0.302ns (Levels of Logic = 1)
  Source:            P1PLAY_NP2B (PAD)
  Destination:       U76 (FF)
  Destination Clock: U67/COUNT_2 rising

  Data Path: P1PLAY_NP2B to U76
                                Gate     Net
    Cell:in->out      fanout   Delay   Delay  Logical Name (Net Name)
    ----------------------------------------  ------------
     IBUF:I->O             4   0.001   0.293  XLXI_1298 (P1PLAY)
     FD:D                      0.008          U76
    ----------------------------------------
    Total                      0.302ns (0.009ns logic, 0.293ns route)
                                       (3.0% logic, 97.0% route)

=========================================================================
Timing constraint: Default OFFSET OUT AFTER for Clock 'U67/COUNT_7'
  Total number of paths / destination ports: 3105 / 23
-------------------------------------------------------------------------
Offset:              16.319ns (Levels of Logic = 26)
  Source:            U64/COUNT_2 (FF)
  Destination:       A0_NB2P (PAD)
  Source Clock:      U67/COUNT_7 rising

  Data Path: U64/COUNT_2 to A0_NB2P
                                Gate     Net
    Cell:in->out      fanout   Delay   Delay  Logical Name (Net Name)
    ----------------------------------------  ------------
     FDCE:C->Q            10   0.361   0.321  COUNT_2 (COUNT_2)
     end scope: 'U64:Q2'
     BUF:I->O             13   0.511   0.739  SELPLYR_BUF (SELPLYR)
     AND2:I1->O            4   0.107   0.309  U124 (XLXN_1346)
     begin scope: 'XLXI_1287/XLXI_114:S0'
     LUT4:I3->O           19   0.097   0.595  Mmux_O11 (O)
     end scope: 'XLXI_1287/XLXI_114:O'
     OR4:I3->O             2   0.279   0.561  U196 (RDNOTZERO)
     AND4B2:I2->O          4   0.234   0.707  U197 (INITPLAYONZERODISP)
     AND4B2:I0->O          1   0.097   0.693  U241 (XLXN_2277)
     AND2:I0->O            2   0.097   0.698  U239 (ACTION3)
     OR2:I0->O             4   0.097   0.293  U232 (PLAYPOS1)
     INV:I->O              1   0.511   0.295  U252 (XLXN_2350)
     begin scope: 'U253:E'
     LUT4:I3->O            1   0.097   0.295  Mmux_O11 (O)
     end scope: 'U253:O'
     begin scope: 'U254:D0'
     LUT4:I3->O            1   0.097   0.693  Mmux_O11 (O)
     end scope: 'U254:O'
     OR2:I0->O             2   0.097   0.698  U255 (P2ADD)
     AND2:I0->O            1   0.097   0.683  U26 (XLXN_149)
     OR3:I1->O             1   0.107   0.683  U24 (XLXN_9551)
     AND2B1:I1->O          6   0.107   0.716  U23 (ADD)
     AND2:I0->O            2   0.097   0.697  U37 (INT_NET2)
     AND2B1:I0->O          1   0.097   0.693  U35 (BPDS)
     OR2B1:I0->O           1   0.097   0.693  U88 (XLXN_203)
     AND2:I0->O            4   0.097   0.697  U89 (INT_NET0)
     OR2B1:I1->O           1   0.107   0.683  U92 (XLXN_181)
     NAND2:I1->O           1   0.107   0.279  U93 (DISPEN<0>)
     OBUF:I->O                 0.000          XLXI_1313 (A0_NB2P)
    ----------------------------------------
    Total                     16.319ns (3.595ns logic, 12.724ns route)
                                       (22.0% logic, 78.0% route)

=========================================================================
Timing constraint: Default OFFSET OUT AFTER for Clock 'U67/COUNT_4'
  Total number of paths / destination ports: 1188 / 5
-------------------------------------------------------------------------
Offset:              14.259ns (Levels of Logic = 22)
  Source:            U188/Q0 (FF)
  Destination:       A0_NB2P (PAD)
  Source Clock:      U67/COUNT_4 rising

  Data Path: U188/Q0 to A0_NB2P
                                Gate     Net
    Cell:in->out      fanout   Delay   Delay  Logical Name (Net Name)
    ----------------------------------------  ------------
     FDCE:C->Q             2   0.361   0.698  Q0 (Q0)
     end scope: 'U188:Q0'
     OR2:I0->O             4   0.097   0.707  U189 (ADJ)
     AND2:I0->O            2   0.097   0.561  U230 (LADJCODE)
     AND3B3:I2->O          4   0.234   0.697  U240 (NOWCNRD)
     AND4B1:I1->O          1   0.107   0.683  U237 (XLXN_2274)
     OR2:I1->O             1   0.107   0.683  U236 (ACTION1)
     OR2:I1->O             6   0.107   0.402  U233 (PLAYPOS0)
     begin scope: 'U253:S0'
     LUT4:I2->O            1   0.097   0.295  Mmux_O11 (O)
     end scope: 'U253:O'
     begin scope: 'U254:D0'
     LUT4:I3->O            1   0.097   0.693  Mmux_O11 (O)
     end scope: 'U254:O'
     OR2:I0->O             2   0.097   0.698  U255 (P2ADD)
     AND2:I0->O            1   0.097   0.683  U26 (XLXN_149)
     OR3:I1->O             1   0.107   0.683  U24 (XLXN_9551)
     AND2B1:I1->O          6   0.107   0.716  U23 (ADD)
     AND2:I0->O            2   0.097   0.697  U37 (INT_NET2)
     AND2B1:I0->O          1   0.097   0.693  U35 (BPDS)
     OR2B1:I0->O           1   0.097   0.693  U88 (XLXN_203)
     AND2:I0->O            4   0.097   0.697  U89 (INT_NET0)
     OR2B1:I1->O           1   0.107   0.683  U92 (XLXN_181)
     NAND2:I1->O           1   0.107   0.279  U93 (DISPEN<0>)
     OBUF:I->O                 0.000          XLXI_1313 (A0_NB2P)
    ----------------------------------------
    Total                     14.259ns (2.314ns logic, 11.945ns route)
                                       (16.2% logic, 83.8% route)

=========================================================================
Timing constraint: Default OFFSET OUT AFTER for Clock 'U66/COUNT_15'
  Total number of paths / destination ports: 16 / 8
-------------------------------------------------------------------------
Offset:              3.825ns (Levels of Logic = 6)
  Source:            U67/COUNT_8 (FF)
  Destination:       A0_NB2P (PAD)
  Source Clock:      U66/COUNT_15 rising

  Data Path: U67/COUNT_8 to A0_NB2P
                                Gate     Net
    Cell:in->out      fanout   Delay   Delay  Logical Name (Net Name)
    ----------------------------------------  ------------
     FDCE:C->Q             3   0.361   0.693  COUNT_8 (COUNT_8)
     end scope: 'U67:Q<8>'
     OR2B1:I1->O           1   0.107   0.693  U88 (XLXN_203)
     AND2:I0->O            4   0.097   0.697  U89 (INT_NET0)
     OR2B1:I1->O           1   0.107   0.683  U92 (XLXN_181)
     NAND2:I1->O           1   0.107   0.279  U93 (DISPEN<0>)
     OBUF:I->O                 0.000          XLXI_1313 (A0_NB2P)
    ----------------------------------------
    Total                      3.825ns (0.779ns logic, 3.046ns route)
                                       (20.4% logic, 79.6% route)

=========================================================================
Timing constraint: Default OFFSET OUT AFTER for Clock 'U67/COUNT_0'
  Total number of paths / destination ports: 164 / 15
-------------------------------------------------------------------------
Offset:              2.606ns (Levels of Logic = 6)
  Source:            XLXI_1513/COUNT_1 (FF)
  Destination:       CA_NB2P (PAD)
  Source Clock:      U67/COUNT_0 rising

  Data Path: XLXI_1513/COUNT_1 to CA_NB2P
                                Gate     Net
    Cell:in->out      fanout   Delay   Delay  Logical Name (Net Name)
    ----------------------------------------  ------------
     FDCE:C->Q            18   0.361   0.772  COUNT_1 (COUNT_1)
     end scope: 'XLXI_1513:Q1'
     begin scope: 'XLXI_1543:S1'
     LUT6:I0->O            1   0.097   0.000  Mmux_S2_D7_Mux_0_o_3 (Mmux_S2_D7_Mux_0_o_3)
     MUXF7:I1->O           7   0.279   0.307  Mmux_S2_D7_Mux_0_o_2_f7 (O)
     end scope: 'XLXI_1543:O'
     ROM16X1:A3->O         1   0.511   0.279  U104 (SBUS<6>)
     OBUF:I->O                 0.000          XLXI_1321 (CA_NB2P)
    ----------------------------------------
    Total                      2.606ns (1.248ns logic, 1.358ns route)
                                       (47.9% logic, 52.1% route)

=========================================================================
Timing constraint: Default path analysis
  Total number of paths / destination ports: 1845 / 16
-------------------------------------------------------------------------
Delay:               15.876ns (Levels of Logic = 26)
  Source:            P1SEL0_NP2B (PAD)
  Destination:       A0_NB2P (PAD)

  Data Path: P1SEL0_NP2B to A0_NB2P
                                Gate     Net
    Cell:in->out      fanout   Delay   Delay  Logical Name (Net Name)
    ----------------------------------------  ------------
     IBUF:I->O             4   0.001   0.707  XLXI_1293 (P1SEL<0>)
     OR4:I0->O             1   0.097   0.693  U123 (XLXN_1347)
     AND2:I0->O            4   0.097   0.309  U124 (XLXN_1346)
     begin scope: 'XLXI_1287/XLXI_114:S0'
     LUT4:I3->O           19   0.097   0.595  Mmux_O11 (O)
     end scope: 'XLXI_1287/XLXI_114:O'
     OR4:I3->O             2   0.279   0.561  U196 (RDNOTZERO)
     AND4B2:I2->O          4   0.234   0.707  U197 (INITPLAYONZERODISP)
     AND4B2:I0->O          1   0.097   0.693  U241 (XLXN_2277)
     AND2:I0->O            2   0.097   0.698  U239 (ACTION3)
     OR2:I0->O             4   0.097   0.293  U232 (PLAYPOS1)
     INV:I->O              1   0.511   0.295  U252 (XLXN_2350)
     begin scope: 'U253:E'
     LUT4:I3->O            1   0.097   0.295  Mmux_O11 (O)
     end scope: 'U253:O'
     begin scope: 'U254:D0'
     LUT4:I3->O            1   0.097   0.693  Mmux_O11 (O)
     end scope: 'U254:O'
     OR2:I0->O             2   0.097   0.698  U255 (P2ADD)
     AND2:I0->O            1   0.097   0.683  U26 (XLXN_149)
     OR3:I1->O             1   0.107   0.683  U24 (XLXN_9551)
     AND2B1:I1->O          6   0.107   0.716  U23 (ADD)
     AND2:I0->O            2   0.097   0.697  U37 (INT_NET2)
     AND2B1:I0->O          1   0.097   0.693  U35 (BPDS)
     OR2B1:I0->O           1   0.097   0.693  U88 (XLXN_203)
     AND2:I0->O            4   0.097   0.697  U89 (INT_NET0)
     OR2B1:I1->O           1   0.107   0.683  U92 (XLXN_181)
     NAND2:I1->O           1   0.107   0.279  U93 (DISPEN<0>)
     OBUF:I->O                 0.000          XLXI_1313 (A0_NB2P)
    ----------------------------------------
    Total                     15.876ns (2.811ns logic, 13.065ns route)
                                       (17.7% logic, 82.3% route)

=========================================================================

Cross Clock Domains Report:
--------------------------

Clock to Setup on destination clock CLOCK_NP2B
---------------+---------+---------+---------+---------+
               | Src:Rise| Src:Fall| Src:Rise| Src:Fall|
Source Clock   |Dest:Rise|Dest:Rise|Dest:Fall|Dest:Fall|
---------------+---------+---------+---------+---------+
CLOCK_NP2B     |    1.806|         |         |         |
---------------+---------+---------+---------+---------+

Clock to Setup on destination clock U66/COUNT_15
---------------+---------+---------+---------+---------+
               | Src:Rise| Src:Fall| Src:Rise| Src:Fall|
Source Clock   |Dest:Rise|Dest:Rise|Dest:Fall|Dest:Fall|
---------------+---------+---------+---------+---------+
U66/COUNT_15   |    1.659|         |         |         |
---------------+---------+---------+---------+---------+

Clock to Setup on destination clock U67/COUNT_0
---------------+---------+---------+---------+---------+
               | Src:Rise| Src:Fall| Src:Rise| Src:Fall|
Source Clock   |Dest:Rise|Dest:Rise|Dest:Fall|Dest:Fall|
---------------+---------+---------+---------+---------+
U67/COUNT_0    |    1.124|         |         |         |
---------------+---------+---------+---------+---------+

Clock to Setup on destination clock U67/COUNT_2
---------------+---------+---------+---------+---------+
               | Src:Rise| Src:Fall| Src:Rise| Src:Fall|
Source Clock   |Dest:Rise|Dest:Rise|Dest:Fall|Dest:Fall|
---------------+---------+---------+---------+---------+
U67/COUNT_2    |    1.055|         |         |         |
---------------+---------+---------+---------+---------+

Clock to Setup on destination clock U67/COUNT_4
---------------+---------+---------+---------+---------+
               | Src:Rise| Src:Fall| Src:Rise| Src:Fall|
Source Clock   |Dest:Rise|Dest:Rise|Dest:Fall|Dest:Fall|
---------------+---------+---------+---------+---------+
U67/COUNT_2    |    3.482|         |         |         |
U67/COUNT_4    |   19.553|         |         |         |
U67/COUNT_7    |   20.916|         |         |         |
---------------+---------+---------+---------+---------+

Clock to Setup on destination clock U67/COUNT_7
---------------+---------+---------+---------+---------+
               | Src:Rise| Src:Fall| Src:Rise| Src:Fall|
Source Clock   |Dest:Rise|Dest:Rise|Dest:Fall|Dest:Fall|
---------------+---------+---------+---------+---------+
U66/COUNT_15   |    0.658|         |         |         |
U67/COUNT_2    |    6.780|         |         |         |
U67/COUNT_4    |   19.658|         |         |         |
U67/COUNT_7    |   21.021|         |         |         |
---------------+---------+---------+---------+---------+

=========================================================================


Total REAL time to Xst completion: 35.00 secs
Total CPU time to Xst completion: 34.20 secs
 
--> 

Total memory usage is 323860 kilobytes

Number of errors   :    0 (   0 filtered)
Number of warnings :   13 (   0 filtered)
Number of infos    :   43 (   0 filtered)

