AR fd4ce_mxilinx_ppm behavioral //csepdcg6.cselabs.local/hh753/newcs2204/pfhvsmnexys2/ppm.vhf sub00/vhpl09 1434125126
AR comp4_mxilinx_ppm behavioral //csepdcg6.cselabs.local/hh753/newcs2204/pfhvsmnexys2/ppm.vhf sub00/vhpl11 1434125128
AR m2_1_mxilinx_x74_153 behavioral //csepdcg6.cselabs.local/hh753/newcs2204/pfhvsmnexys2/X74_153.vhf sub00/vhpl51 1434125168
AR cd4ce_mxilinx_ppm behavioral //csepdcg6.cselabs.local/hh753/newcs2204/pfhvsmnexys2/ppm.vhf sub00/vhpl37 1434125154
EN cb16ce_mxilinx_ppm NULL //csepdcg6.cselabs.local/hh753/newcs2204/pfhvsmnexys2/ppm.vhf sub00/vhpl22 1434125139
AR fd8ce_mxilinx_ppm behavioral //csepdcg6.cselabs.local/hh753/newcs2204/pfhvsmnexys2/ppm.vhf sub00/vhpl35 1434125152
AR ftce_mxilinx_ppm behavioral //csepdcg6.cselabs.local/hh753/newcs2204/pfhvsmnexys2/ppm.vhf sub00/vhpl21 1434125138
EN cb4cle_mxilinx_ppm NULL //csepdcg6.cselabs.local/hh753/newcs2204/pfhvsmnexys2/ppm.vhf sub00/vhpl42 1434125159
EN comp4_mxilinx_ppm NULL //csepdcg6.cselabs.local/hh753/newcs2204/pfhvsmnexys2/ppm.vhf sub00/vhpl10 1434125127
EN m2_1e_mxilinx_ppm NULL //csepdcg6.cselabs.local/hh753/newcs2204/pfhvsmnexys2/ppm.vhf sub00/vhpl00 1434125117
AR d2_4e_mxilinx_ppm behavioral //csepdcg6.cselabs.local/hh753/newcs2204/pfhvsmnexys2/ppm.vhf sub00/vhpl39 1434125156
EN compm4_mxilinx_ppm NULL //csepdcg6.cselabs.local/hh753/newcs2204/pfhvsmnexys2/ppm.vhf sub00/vhpl12 1434125129
EN x74_157_muser_ppm NULL //csepdcg6.cselabs.local/hh753/newcs2204/pfhvsmnexys2/ppm.vhf sub00/vhpl02 1434125119
AR cb4cle_mxilinx_ppm behavioral //csepdcg6.cselabs.local/hh753/newcs2204/pfhvsmnexys2/ppm.vhf sub00/vhpl43 1434125160
AR add8_mxilinx_ppm behavioral //csepdcg6.cselabs.local/hh753/newcs2204/pfhvsmnexys2/ppm.vhf sub00/vhpl15 1434125132
AR m2_1e_mxilinx_ppm behavioral //csepdcg6.cselabs.local/hh753/newcs2204/pfhvsmnexys2/ppm.vhf sub00/vhpl01 1434125118
AR add4_mxilinx_ppm behavioral //csepdcg6.cselabs.local/hh753/newcs2204/pfhvsmnexys2/ppm.vhf sub00/vhpl17 1434125134
EN d2_4e_mxilinx_ppm NULL //csepdcg6.cselabs.local/hh753/newcs2204/pfhvsmnexys2/ppm.vhf sub00/vhpl38 1434125155
EN m2_1e_mxilinx_x74_153 NULL //csepdcg6.cselabs.local/hh753/newcs2204/pfhvsmnexys2/X74_153.vhf sub00/vhpl48 1434125165
AR ppm behavioral //csepdcg6.cselabs.local/hh753/newcs2204/pfhvsmnexys2/ppm.vhf sub00/vhpl47 1434125164
EN m2_1e_mxilinx_x74_157 NULL //csepdcg6.cselabs.local/hh753/newcs2204/pfhvsmnexys2/X74_157.vhf sub00/vhpl54 1434125171
EN d3_8e_mxilinx_ppm NULL //csepdcg6.cselabs.local/hh753/newcs2204/pfhvsmnexys2/ppm.vhf sub00/vhpl28 1434125145
AR m2_1_mxilinx_ppm behavioral //csepdcg6.cselabs.local/hh753/newcs2204/pfhvsmnexys2/ppm.vhf sub00/vhpl05 1434125122
AR d3_8e_mxilinx_ppm behavioral //csepdcg6.cselabs.local/hh753/newcs2204/pfhvsmnexys2/ppm.vhf sub00/vhpl29 1434125146
EN x74_153 NULL //csepdcg6.cselabs.local/hh753/newcs2204/pfhvsmnexys2/X74_153.vhf sub00/vhpl52 1434125169
EN x74_157 NULL //csepdcg6.cselabs.local/hh753/newcs2204/pfhvsmnexys2/X74_157.vhf sub00/vhpl56 1434125173
AR x74_157_muser_ppm behavioral //csepdcg6.cselabs.local/hh753/newcs2204/pfhvsmnexys2/ppm.vhf sub00/vhpl03 1434125120
AR m2_1e_mxilinx_x74_157 behavioral //csepdcg6.cselabs.local/hh753/newcs2204/pfhvsmnexys2/X74_157.vhf sub00/vhpl55 1434125172
EN m2_1_mxilinx_ppm NULL //csepdcg6.cselabs.local/hh753/newcs2204/pfhvsmnexys2/ppm.vhf sub00/vhpl04 1434125121
EN ftce_mxilinx_ppm NULL //csepdcg6.cselabs.local/hh753/newcs2204/pfhvsmnexys2/ppm.vhf sub00/vhpl20 1434125137
EN compm8_mxilinx_ppm NULL //csepdcg6.cselabs.local/hh753/newcs2204/pfhvsmnexys2/ppm.vhf sub00/vhpl26 1434125143
EN compm2_mxilinx_ppm NULL //csepdcg6.cselabs.local/hh753/newcs2204/pfhvsmnexys2/ppm.vhf sub00/vhpl32 1434125149
AR cb16ce_mxilinx_ppm behavioral //csepdcg6.cselabs.local/hh753/newcs2204/pfhvsmnexys2/ppm.vhf sub00/vhpl23 1434125140
EN ftclex_mxilinx_ppm NULL //csepdcg6.cselabs.local/hh753/newcs2204/pfhvsmnexys2/ppm.vhf sub00/vhpl40 1434125157
AR compm2_mxilinx_ppm behavioral //csepdcg6.cselabs.local/hh753/newcs2204/pfhvsmnexys2/ppm.vhf sub00/vhpl33 1434125150
EN fd8ce_mxilinx_ppm NULL //csepdcg6.cselabs.local/hh753/newcs2204/pfhvsmnexys2/ppm.vhf sub00/vhpl34 1434125151
EN add4_mxilinx_ppm NULL //csepdcg6.cselabs.local/hh753/newcs2204/pfhvsmnexys2/ppm.vhf sub00/vhpl16 1434125133
AR m4_1e_mxilinx_ppm behavioral //csepdcg6.cselabs.local/hh753/newcs2204/pfhvsmnexys2/ppm.vhf sub00/vhpl19 1434125136
AR m8_1e_mxilinx_ppm behavioral //csepdcg6.cselabs.local/hh753/newcs2204/pfhvsmnexys2/ppm.vhf sub00/vhpl45 1434125162
AR x74_157 behavioral //csepdcg6.cselabs.local/hh753/newcs2204/pfhvsmnexys2/X74_157.vhf sub00/vhpl57 1434125174
AR m2_1e_mxilinx_x74_153 behavioral //csepdcg6.cselabs.local/hh753/newcs2204/pfhvsmnexys2/X74_153.vhf sub00/vhpl49 1434125166
AR x74_153_muser_ppm behavioral //csepdcg6.cselabs.local/hh753/newcs2204/pfhvsmnexys2/ppm.vhf sub00/vhpl07 1434125124
EN m4_1e_mxilinx_ppm NULL //csepdcg6.cselabs.local/hh753/newcs2204/pfhvsmnexys2/ppm.vhf sub00/vhpl18 1434125135
AR cb2ce_mxilinx_ppm behavioral //csepdcg6.cselabs.local/hh753/newcs2204/pfhvsmnexys2/ppm.vhf sub00/vhpl25 1434125142
AR ftclex_mxilinx_ppm behavioral //csepdcg6.cselabs.local/hh753/newcs2204/pfhvsmnexys2/ppm.vhf sub00/vhpl41 1434125158
AR cb4ce_mxilinx_ppm behavioral //csepdcg6.cselabs.local/hh753/newcs2204/pfhvsmnexys2/ppm.vhf sub00/vhpl31 1434125148
EN fd4ce_mxilinx_ppm NULL //csepdcg6.cselabs.local/hh753/newcs2204/pfhvsmnexys2/ppm.vhf sub00/vhpl08 1434125125
AR x74_153 behavioral //csepdcg6.cselabs.local/hh753/newcs2204/pfhvsmnexys2/X74_153.vhf sub00/vhpl53 1434125170
EN m8_1e_mxilinx_ppm NULL //csepdcg6.cselabs.local/hh753/newcs2204/pfhvsmnexys2/ppm.vhf sub00/vhpl44 1434125161
EN cb4ce_mxilinx_ppm NULL //csepdcg6.cselabs.local/hh753/newcs2204/pfhvsmnexys2/ppm.vhf sub00/vhpl30 1434125147
AR compm8_mxilinx_ppm behavioral //csepdcg6.cselabs.local/hh753/newcs2204/pfhvsmnexys2/ppm.vhf sub00/vhpl27 1434125144
AR compm4_mxilinx_ppm behavioral //csepdcg6.cselabs.local/hh753/newcs2204/pfhvsmnexys2/ppm.vhf sub00/vhpl13 1434125130
EN x74_153_muser_ppm NULL //csepdcg6.cselabs.local/hh753/newcs2204/pfhvsmnexys2/ppm.vhf sub00/vhpl06 1434125123
EN m2_1_mxilinx_x74_153 NULL //csepdcg6.cselabs.local/hh753/newcs2204/pfhvsmnexys2/X74_153.vhf sub00/vhpl50 1434125167
EN cd4ce_mxilinx_ppm NULL //csepdcg6.cselabs.local/hh753/newcs2204/pfhvsmnexys2/ppm.vhf sub00/vhpl36 1434125153
EN cb2ce_mxilinx_ppm NULL //csepdcg6.cselabs.local/hh753/newcs2204/pfhvsmnexys2/ppm.vhf sub00/vhpl24 1434125141
EN ppm NULL //csepdcg6.cselabs.local/hh753/newcs2204/pfhvsmnexys2/ppm.vhf sub00/vhpl46 1434125163
EN add8_mxilinx_ppm NULL //csepdcg6.cselabs.local/hh753/newcs2204/pfhvsmnexys2/ppm.vhf sub00/vhpl14 1434125131
